<html>
<body>
<pre>
<h1>µVision Build Log</h1>
<h2>Tool Versions:</h2>
IDE-Version: ¦ÌVision V5.26.2.0
Copyright (C) 2018 ARM Ltd and ARM Germany GmbH. All rights reserved.
License Information: 1 Administrator, 1, LIC=8VRJ7-ETX1F-HLMCL-0Z7DJ-M93MF-3ZGIE
 
Tool Versions:
Toolchain:       MDK-ARM Plus  Version: 5.26.2.0
Toolchain Path:  D:\programfile\productive_soft\keil\ARM\ARMCC\Bin
C Compiler:      Armcc.exe V5.06 update 6 (build 750)
Assembler:       Armasm.exe V5.06 update 6 (build 750)
Linker/Locator:  ArmLink.exe V5.06 update 6 (build 750)
Library Manager: ArmAr.exe V5.06 update 6 (build 750)
Hex Converter:   FromElf.exe V5.06 update 6 (build 750)
CPU DLL:         SARMCM3.DLL V5.26.2.0
Dialog DLL:      DCM.DLL V1.17.2.0
Target DLL:      Segger\JL2CM3.dll V2.99.31.0
Dialog DLL:      TCM.DLL V1.36.1.0
 
<h2>Project:</h2>
H:\onedrive\kiritio\OneDrive - abc(china)LTD\project\stm32\stm32_project_demo\BSP\MDK-ARM\demo.uvprojx
Project File Date:  12/05/2020

<h2>Output:</h2>
*** Using Compiler 'V5.06 update 6 (build 750)', folder: 'D:\programfile\productive_soft\keil\ARM\ARMCC\Bin'
Build target 'demo'
compiling app_manager.c...
compiling module_log.c...
..\..\FML\module\log\module_log.c(59): warning:  #177-D: variable "p"  was declared but never referenced
      char *p = buffer;
..\..\FML\module\log\module_log.c(84): warning:  #177-D: variable "p"  was declared but never referenced
      char *p = buffer;
..\..\FML\module\log\module_log.c: 2 warnings, 0 errors
compiling service_manager.c...
compiling module_kprotocol.c...
compiling service_terst.c...
compiling module_time.c...
compiling service_com.c...
compiling driver_key.c...
..\..\HDL\key\driver_key.c(7): warning:  #223-D: function "memset" declared implicitly
  	memset(&keyFifo,0,sizeof(keyFifo));
..\..\HDL\key\driver_key.c(37): warning:  #1-D: last line of file ends without a newline
  }
..\..\HDL\key\driver_key.c(37): warning:  #940-D: missing return statement at end of non-void function "driver_get_key" 
  }
..\..\HDL\key\driver_key.c(20): warning:  #177-D: function "key_scan"  was declared but never referenced
  static void  key_scan(void)
..\..\HDL\key\driver_key.c: 4 warnings, 0 errors
compiling module_pwr.c...
compiling module_iwdg.c...
compiling module_terst.c...
compiling driver_com.c...
compiling module_filesystem.c...
..\..\FML\module\filesystem\module_filesystem.c(239): warning:  #223-D: function "strlen" declared implicitly
          retSD = f_write(&USERFile, write_buf, strlen((const char *)write_buf), &count);
..\..\FML\module\filesystem\module_filesystem.c(136): warning:  #177-D: function "init_spiflash_fatfs"  was declared but never referenced
  static void init_spiflash_fatfs(void)
..\..\FML\module\filesystem\module_filesystem.c(184): warning:  #177-D: function "init_sdcard_fatfs"  was declared but never referenced
  static void init_sdcard_fatfs(void)
..\..\FML\module\filesystem\module_filesystem.c(230): warning:  #177-D: function "spi_flash_fatfs_test"  was declared but never referenced
  static void spi_flash_fatfs_test(void)
..\..\FML\module\filesystem\module_filesystem.c(291): warning:  #177-D: function "sdcard_fatfs_test"  was declared but never referenced
  static void sdcard_fatfs_test(void)
..\..\FML\module\filesystem\module_filesystem.c(122): warning:  #177-D: function "spiflash_mkfs"  was declared but never referenced
  static void spiflash_mkfs(void)
..\..\FML\module\filesystem\module_filesystem.c: 6 warnings, 0 errors
compiling service_monitor.c...
..\..\BLL\service\monitor\service_monitor.c(26): warning:  #177-D: function "mtimer_callback"  was declared but never referenced
  static void mtimer_callback(void)
..\..\BLL\service\monitor\service_monitor.c(32): warning:  #177-D: function "mcaltimer_callback"  was declared but never referenced
  static void mcaltimer_callback(void)
..\..\BLL\service\monitor\service_monitor.c(38): warning:  #177-D: function "time_wakeup_callback"  was declared but never referenced
  static void time_wakeup_callback(void)
..\..\BLL\service\monitor\service_monitor.c: 3 warnings, 0 errors
compiling board.c...
compiling module_itemp.c...
compiling gpio.c...
compiling dma.c...
compiling main.c...
compiling iwdg.c...
compiling adc.c...
compiling spi.c...
compiling sdio.c...
compiling rtc.c...
compiling usart.c...
compiling stm32f4xx_it.c...
compiling stm32f4xx_hal_msp.c...
compiling stm32f4xx_hal_rcc.c...
compiling stm32f4xx_hal_eth.c...
compiling stm32f4xx_hal_rcc_ex.c...
compiling stm32f4xx_hal_flash_ex.c...
compiling stm32f4xx_hal_flash_ramfunc.c...
compiling stm32f4xx_hal_flash.c...
compiling stm32f4xx_hal_gpio.c...
compiling stm32f4xx_hal_dma_ex.c...
compiling stm32f4xx_hal_pwr_ex.c...
compiling stm32f4xx_hal_pwr.c...
compiling stm32f4xx_hal.c...
compiling stm32f4xx_hal_dma.c...
compiling stm32f4xx_hal_cortex.c...
compiling stm32f4xx_ll_rcc.c...
compiling stm32f4xx_hal_exti.c...
compiling stm32f4xx_ll_utils.c...
compiling stm32f4xx_ll_exti.c...
compiling stm32f4xx_hal_pcd_ex.c...
compiling stm32f4xx_hal_pcd.c...
compiling stm32f4xx_hal_iwdg.c...
compiling stm32f4xx_hal_adc_ex.c...
compiling stm32f4xx_hal_adc.c...
compiling stm32f4xx_ll_usb.c...
compiling stm32f4xx_ll_sdmmc.c...
compiling stm32f4xx_hal_tim.c...
compiling stm32f4xx_hal_rtc_ex.c...
compiling stm32f4xx_hal_tim_ex.c...
compiling stm32f4xx_hal_rtc.c...
compiling stm32f4xx_ll_gpio.c...
compiling stm32f4xx_ll_usart.c...
compiling stm32f4xx_hal_sd.c...
compiling system_stm32f4xx.c...
compiling stm32f4xx_hal_spi.c...
compiling stm32f4xx_ll_dma.c...
compiling sd_diskio.c...
compiling bsp_driver_sd.c...
compiling diskio.c...
compiling user_diskio.c...
compiling fatfs.c...
compiling ff_gen_drv.c...
compiling syscall.c...
compiling chap_ms.c...
compiling auth.c...
compiling ccp.c...
compiling chap-new.c...
compiling chap-md5.c...
compiling demand.c...
compiling lwip.c...
compiling ethernetif.c...
compiling eui64.c...
compiling eap.c...
compiling fsm.c...
compiling ipv6cp.c...
compiling ff.c...
compiling ipcp.c...
compiling lcp.c...
compiling magic.c...
compiling mppe.c...
compiling multilink.c...
compiling ppp.c...
compiling pppapi.c...
compiling pppoe.c...
compiling pppcrypt.c...
compiling pppos.c...
compiling utils.c...
compiling pppol2tp.c...
compiling upap.c...
compiling vj.c...
compiling bridgeif_fdb.c...
compiling lowpan6.c...
compiling bridgeif.c...
compiling ethernet.c...
compiling lowpan6_ble.c...
compiling lowpan6_common.c...
compiling zepif.c...
compiling slipif.c...
compiling if_api.c...
compiling api_lib.c...
compiling api_msg.c...
compiling ecp.c...
compiling err.c...
compiling netifapi.c...
compiling netbuf.c...
compiling sockets.c...
compiling netdb.c...
compiling altcp.c...
compiling tcpip.c...
compiling altcp_alloc.c...
compiling altcp_tcp.c...
compiling def.c...
compiling dns.c...
compiling inet_chksum.c...
compiling ip.c...
compiling init.c...
compiling mem.c...
compiling stats.c...
compiling raw.c...
compiling sys.c...
compiling pbuf.c...
compiling memp.c...
compiling netif.c...
compiling timeouts.c...
compiling tcp.c...
compiling udp.c...
compiling tcp_in.c...
compiling tcp_out.c...
compiling dhcp.c...
compiling autoip.c...
compiling igmp.c...
compiling etharp.c...
compiling icmp.c...
compiling ip4_addr.c...
compiling ethip6.c...
compiling dhcp6.c...
compiling icmp6.c...
compiling ip4.c...
compiling ip4_frag.c...
compiling inet6.c...
compiling ip6_addr.c...
compiling ip6.c...
compiling mld6.c...
compiling ip6_frag.c...
compiling nd6.c...
compiling usb_device.c...
compiling usbd_desc.c...
compiling usbd_storage_if.c...
compiling mqtt.c...
compiling usbd_conf.c...
compiling usbd_ioreq.c...
compiling usbd_core.c...
compiling usbd_ctlreq.c...
compiling usbd_msc.c...
compiling usbd_msc_bot.c...
compiling usbd_msc_data.c...
compiling usbd_msc_scsi.c...
linking...
Program Size: Code=98056 RO-data=1288 RW-data=680 ZI-data=70564  
"demo\demo.axf" - 0 Error(s), 15 Warning(s).

<h2>Software Packages used:</h2>

Package Vendor: ARM
                http://www.keil.com/pack/ARM.CMSIS.5.4.0.pack
                ARM.CMSIS.5.4.0
                CMSIS (Cortex Microcontroller Software Interface Standard)
   * Component: CORE Version: 5.1.2

Package Vendor: Keil
                http://www.keil.com/pack/Keil.STM32F4xx_DFP.2.12.0.pack
                Keil.STM32F4xx_DFP.2.12.0
                STMicroelectronics STM32F4 Series Device Support, Drivers and Examples

<h2>Collection of Component include folders:</h2>
  .\RTE\_demo
  D:\programfile\productive_soft\keil\ARM\PACK\ARM\CMSIS\5.4.0\CMSIS\Core\Include
  D:\programfile\productive_soft\keil\ARM\PACK\Keil\STM32F4xx_DFP\2.12.0\Drivers\CMSIS\Device\ST\STM32F4xx\Include

<h2>Collection of Component Files used:</h2>

   * Component: ARM::CMSIS:CORE:5.1.2
Build Time Elapsed:  00:00:07
</pre>
</body>
</html>
