Component: ARM Compiler 5.06 update 6 (build 750) Tool: armlink [4d35ed]

==============================================================================

Section Cross References

    app_manager.o(i.app_manager_exit) refers to service_manager.o(i.service_manager_exit) for service_manager_exit
    app_manager.o(i.app_manager_handle) refers to service_manager.o(i.service_manager_handle) for service_manager_handle
    app_manager.o(i.app_manager_init) refers to service_manager.o(i.service_manager_init) for service_manager_init
    service_manager.o(i.service_manager_handle) refers to service_com.o(i.service_com_handle) for service_com_handle
    service_manager.o(i.service_manager_handle) refers to service_monitor.o(i.service_monitor_handle) for service_monitor_handle
    service_manager.o(i.service_manager_handle) refers to service_terst.o(i.service_test_handle) for service_test_handle
    service_manager.o(i.service_manager_init) refers to service_com.o(i.service_com_init) for service_com_init
    service_manager.o(i.service_manager_init) refers to service_monitor.o(i.service_monitor_init) for service_monitor_init
    service_manager.o(i.service_manager_init) refers to service_terst.o(i.service_test_init) for service_test_init
    service_com.o(i.service_com_exit) refers to module_kprotocol.o(i.module_kprotocol_exit) for module_kprotocol_exit
    service_com.o(i.service_com_handle) refers to module_kprotocol.o(i.module_kprotocol_handle) for module_kprotocol_handle
    service_com.o(i.service_com_init) refers to module_kprotocol.o(i.module_kprotocol_init) for module_kprotocol_init
    service_terst.o(i.service_test_handle) refers to module_terst.o(i.module_test_handle) for module_test_handle
    service_terst.o(i.service_test_init) refers to module_terst.o(i.module_test_init) for module_test_init
    service_monitor.o(i.mcaltimer_callback) refers to module_pwr.o(i.module_pwr_stop_mode_wake) for module_pwr_stop_mode_wake
    service_monitor.o(i.mcaltimer_callback) refers to service_monitor.o(.data) for g_satate
    service_monitor.o(i.mtimer_callback) refers to printfa.o(i.__0printf) for __2printf
    service_monitor.o(i.service_monitor_exit) refers to module_iwdg.o(i.module_iwdg_exit) for module_iwdg_exit
    service_monitor.o(i.service_monitor_handle) refers to module_itemp.o(i.module_itemp_handle) for module_itemp_handle
    service_monitor.o(i.service_monitor_handle) refers to module_time.o(i.module_time_handle) for module_time_handle
    service_monitor.o(i.service_monitor_handle) refers to module_pwr.o(i.module_pwr_handle) for module_pwr_handle
    service_monitor.o(i.service_monitor_handle) refers to module_iwdg.o(i.module_iwdg_handle) for module_iwdg_handle
    service_monitor.o(i.service_monitor_handle) refers to module_log.o(i.module_log_handle) for module_log_handle
    service_monitor.o(i.service_monitor_handle) refers to module_filesystem.o(i.module_filesystem_handle) for module_filesystem_handle
    service_monitor.o(i.service_monitor_init) refers to printfa.o(i.__0printf) for __2printf
    service_monitor.o(i.service_monitor_init) refers to module_iwdg.o(i.module_iwdg_init) for module_iwdg_init
    service_monitor.o(i.service_monitor_init) refers to module_itemp.o(i.module_itemp_init) for module_itemp_init
    service_monitor.o(i.service_monitor_init) refers to module_time.o(i.module_time_init) for module_time_init
    service_monitor.o(i.service_monitor_init) refers to module_pwr.o(i.module_pwr_init) for module_pwr_init
    service_monitor.o(i.service_monitor_init) refers to module_log.o(i.module_log_init) for module_log_init
    service_monitor.o(i.service_monitor_init) refers to module_filesystem.o(i.module_filesystem_init) for module_filesystem_init
    service_monitor.o(i.time_wakeup_callback) refers to printfa.o(i.__0printf) for __2printf
    module_terst.o(i.module_test_init) refers to gpio.o(i.MX_GPIO_Init) for MX_GPIO_Init
    module_terst.o(i.module_test_init) refers to driver_com.o(i.driver_com_regist_reccallback) for driver_com_regist_reccallback
    module_terst.o(i.module_test_init) refers to printfa.o(i.__0printf) for __2printf
    module_terst.o(i.module_test_init) refers to module_terst.o(i.callback) for callback
    module_iwdg.o(i.module_iwdg_handle) refers to iwdg.o(i.MX_IWDG_Refresh) for MX_IWDG_Refresh
    module_iwdg.o(i.module_iwdg_init) refers to iwdg.o(i.MX_IWDG_Init) for MX_IWDG_Init
    module_iwdg.o(i.module_iwdg_refresh) refers to iwdg.o(i.MX_IWDG_Refresh) for MX_IWDG_Refresh
    module_itemp.o(i.module_itemp_get_temp) refers to module_itemp.o(.data) for temp_value
    module_itemp.o(i.module_itemp_handle) refers to dfltui.o(.text) for __aeabi_ui2d
    module_itemp.o(i.module_itemp_handle) refers to ddiv.o(.text) for __aeabi_ddiv
    module_itemp.o(i.module_itemp_handle) refers to dadd.o(.text) for __aeabi_dadd
    module_itemp.o(i.module_itemp_handle) refers to d2f.o(.text) for __aeabi_d2f
[...]
    hUsbDeviceFS                             0x2000c44c   Data         720  usb_device.o(.bss)
    hpcd_USB_OTG_FS                          0x2000c71c   Data        1032  usbd_conf.o(.bss)
    __heap_base                              0x2000cb28   Data           0  startup_stm32f407xx.o(HEAP)
    __heap_limit                             0x2000eb28   Data           0  startup_stm32f407xx.o(HEAP)
    __initial_sp                             0x20010b28   Data           0  startup_stm32f407xx.o(STACK)



==============================================================================

Memory Map of the image

  Image Entry point : 0x08000189

  Load Region LR_IROM1 (Base: 0x08000000, Size: 0x000186b8, Max: 0x00080000, ABSOLUTE, COMPRESSED[0x00018598])

    Execution Region ER_IROM1 (Exec base: 0x08000000, Load base: 0x08000000, Size: 0x00018410, Max: 0x00080000, ABSOLUTE)

    Exec Addr    Load Addr    Size         Type   Attr      Idx    E Section Name        Object

    0x08000000   0x08000000   0x00000188   Data   RO          167    RESET               startup_stm32f407xx.o
    0x08000188   0x08000188   0x00000000   Code   RO         1969  * .ARM.Collect$$$$00000000  mc_w.l(entry.o)
    0x08000188   0x08000188   0x00000004   Code   RO         2148    .ARM.Collect$$$$00000001  mc_w.l(entry2.o)
    0x0800018c   0x0800018c   0x00000004   Code   RO         2151    .ARM.Collect$$$$00000004  mc_w.l(entry5.o)
    0x08000190   0x08000190   0x00000000   Code   RO         2153    .ARM.Collect$$$$00000008  mc_w.l(entry7b.o)
    0x08000190   0x08000190   0x00000000   Code   RO         2155    .ARM.Collect$$$$0000000A  mc_w.l(entry8b.o)
    0x08000190   0x08000190   0x00000008   Code   RO         2156    .ARM.Collect$$$$0000000B  mc_w.l(entry9a.o)
    0x08000198   0x08000198   0x00000000   Code   RO         2158    .ARM.Collect$$$$0000000D  mc_w.l(entry10a.o)
    0x08000198   0x08000198   0x00000000   Code   RO         2160    .ARM.Collect$$$$0000000F  mc_w.l(entry11a.o)
    0x08000198   0x08000198   0x00000004   Code   RO         2149    .ARM.Collect$$$$00002712  mc_w.l(entry2.o)
    0x0800019c   0x0800019c   0x00000024   Code   RO          168    .text               startup_stm32f407xx.o
    0x080001c0   0x080001c0   0x00000062   Code   RO         1972    .text               mc_w.l(uldiv.o)
    0x08000222   0x08000222   0x00000002   PAD
    0x08000224   0x08000224   0x00000024   Code   RO         1988    .text               mc_w.l(rand.o)
    0x08000248   0x08000248   0x00000040   Code   RO         1991    .text               mc_w.l(memmovea.o)
    0x08000288   0x08000288   0x00000024   Code   RO         1992    .text               mc_w.l(memseta.o)
    0x080002ac   0x080002ac   0x0000001a   Code   RO         1994    .text               mc_w.l(memcmp.o)
    0x080002c6   0x080002c6   0x0000014e   Code   RO         2144    .text               mf_w.l(dadd.o)
    0x08000414   0x08000414   0x000000de   Code   RO         2145    .text               mf_w.l(ddiv.o)
    0x080004f2   0x080004f2   0x0000001a   Code   RO         2146    .text               mf_w.l(dfltui.o)
    0x0800050c   0x0800050c   0x00000038   Code   RO         2147    .text               mf_w.l(d2f.o)
    0x08000544   0x08000544   0x0000002c   Code   RO         2163    .text               mc_w.l(uidiv.o)
    0x08000570   0x08000570   0x0000001e   Code   RO         2164    .text               mc_w.l(llshl.o)
    0x0800058e   0x0800058e   0x00000020   Code   RO         2165    .text               mc_w.l(llushr.o)
    0x080005ae   0x080005ae   0x00000024   Code   RO         2166    .text               mc_w.l(llsshr.o)
    0x080005d2   0x080005d2   0x00000000   Code   RO         2174    .text               mc_w.l(iusefp.o)
    0x080005d2   0x080005d2   0x0000006e   Code   RO         2175    .text               mf_w.l(fepilogue.o)
    0x08000640   0x08000640   0x000000ba   Code   RO         2176    .text               mf_w.l(depilogue.o)
    0x080006fa   0x080006fa   0x000000e4   Code   RO         2177    .text               mf_w.l(dmul.o)
    0x080007de   0x080007de   0x00000030   Code   RO         2178    .text               mf_w.l(dfixul.o)
    0x0800080e   0x0800080e   0x00000002   PAD
    0x08000810   0x08000810   0x00000030   Code   RO         2179    .text               mf_w.l(cdrcmple.o)
    0x08000840   0x08000840   0x00000024   Code   RO         2180    .text               mc_w.l(init.o)
    0x08000864   0x08000864   0x00000056   Code   RO         2188    .text               mc_w.l(__dczerorl2.o)
    0x080008ba   0x080008ba   0x0000007e   Code   RO          665    i.ADC_DMAConvCplt   stm32f4xx_hal_adc.o
    0x08000938   0x08000938   0x0000001a   Code   RO          666    i.ADC_DMAError      stm32f4xx_hal_adc.o
    0x08000952   0x08000952   0x0000000e   Code   RO          667    i.ADC_DMAHalfConvCplt  stm32f4xx_hal_adc.o
    0x08000960   0x08000960   0x00000160   Code   RO          668    i.ADC_Init          stm32f4xx_hal_adc.o
    0x08000ac0   0x08000ac0   0x00000002   Code   RO          973    i.BSP_SD_AbortCallback  bsp_driver_sd.o
    0x08000ac2   0x08000ac2   0x00000002   PAD
    0x08000ac4   0x08000ac4   0x00000014   Code   RO          976    i.BSP_SD_GetCardInfo  bsp_driver_sd.o
    0x08000ad8   0x08000ad8   0x00000018   Code   RO          977    i.BSP_SD_GetCardState  bsp_driver_sd.o
    0x08000af0   0x08000af0   0x00000030   Code   RO          979    i.BSP_SD_Init       bsp_driver_sd.o
    0x08000b20   0x08000b20   0x0000000c   Code   RO          980    i.BSP_SD_IsDetected  bsp_driver_sd.o
    0x08000b2c   0x08000b2c   0x00000030   Code   RO          981    i.BSP_SD_ReadBlocks  bsp_driver_sd.o
    0x08000b5c   0x08000b5c   0x00000002   Code   RO          983    i.BSP_SD_ReadCpltCallback  bsp_driver_sd.o
    0x08000b5e   0x08000b5e   0x00000002   PAD
    0x08000b60   0x08000b60   0x00000030   Code   RO          984    i.BSP_SD_WriteBlocks  bsp_driver_sd.o
    0x08000b90   0x08000b90   0x00000002   Code   RO          986    i.BSP_SD_WriteCpltCallback  bsp_driver_sd.o
    0x08000b92   0x08000b92   0x00000004   Code   RO          254    i.BusFault_Handler  stm32f4xx_it.o
    0x08000b96   0x08000b96   0x00000002   PAD
    0x08000b98   0x08000b98   0x00000010   Code   RO          255    i.DMA2_Stream0_IRQHandler  stm32f4xx_it.o
    0x08000ba8   0x08000ba8   0x00000010   Code   RO          256    i.DMA2_Stream3_IRQHandler  stm32f4xx_it.o
    0x08000bb8   0x08000bb8   0x00000010   Code   RO          257    i.DMA2_Stream6_IRQHandler  stm32f4xx_it.o
    0x08000bc8   0x08000bc8   0x00000034   Code   RO          407    i.DMA_CalcBaseAndBitshift  stm32f4xx_hal_dma.o
    0x08000bfc   0x08000bfc   0x000000aa   Code   RO          408    i.DMA_CheckFifoParam  stm32f4xx_hal_dma.o
    0x08000ca6   0x08000ca6   0x0000002c   Code   RO          409    i.DMA_SetConfig     stm32f4xx_hal_dma.o
    0x08000cd2   0x08000cd2   0x00000002   Code   RO          258    i.DebugMon_Handler  stm32f4xx_it.o
    0x08000cd4   0x08000cd4   0x00000016   Code   RO          285    i.ETH_DMAReceptionDisable  stm32f4xx_hal_eth.o
    0x08000cea   0x08000cea   0x00000016   Code   RO          286    i.ETH_DMAReceptionEnable  stm32f4xx_hal_eth.o
    0x08000d00   0x08000d00   0x00000016   Code   RO          287    i.ETH_DMATransmissionDisable  stm32f4xx_hal_eth.o
    0x08000d16   0x08000d16   0x00000016   Code   RO          288    i.ETH_DMATransmissionEnable  stm32f4xx_hal_eth.o
    0x08000d2c   0x08000d2c   0x00000028   Code   RO          289    i.ETH_Delay         stm32f4xx_hal_eth.o
    0x08000d54   0x08000d54   0x00000038   Code   RO          290    i.ETH_FlushTransmitFIFO  stm32f4xx_hal_eth.o
    0x08000d8c   0x08000d8c   0x00000034   Code   RO          291    i.ETH_MACAddressConfig  stm32f4xx_hal_eth.o
    0x08000dc0   0x08000dc0   0x00000244   Code   RO          292    i.ETH_MACDMAConfig  stm32f4xx_hal_eth.o
    0x08001004   0x08001004   0x00000028   Code   RO          293    i.ETH_MACReceptionDisable  stm32f4xx_hal_eth.o
    0x0800102c   0x0800102c   0x00000028   Code   RO          294    i.ETH_MACReceptionEnable  stm32f4xx_hal_eth.o
    0x08001054   0x08001054   0x00000028   Code   RO          295    i.ETH_MACTransmissionDisable  stm32f4xx_hal_eth.o
    0x0800107c   0x0800107c   0x00000028   Code   RO          296    i.ETH_MACTransmissionEnable  stm32f4xx_hal_eth.o
    0x080010a4   0x080010a4   0x0000000c   Code   RO          259    i.EXTI15_10_IRQHandler  stm32f4xx_it.o
    0x080010b0   0x080010b0   0x00000002   Code   RO          172    i.Error_Handler     main.o
    0x080010b2   0x080010b2   0x00000012   Code   RO         1103    i.FATFS_LinkDriver  ff_gen_drv.o
    0x080010c4   0x080010c4   0x00000054   Code   RO         1104    i.FATFS_LinkDriverEx  ff_gen_drv.o
    0x08001118   0x08001118   0x00000034   Code   RO         1797    i.Get_SerialNum     usbd_desc.o
    0x0800114c   0x0800114c   0x0000018c   Code   RO          670    i.HAL_ADC_ConfigChannel  stm32f4xx_hal_adc.o
    0x080012d8   0x080012d8   0x00000002   Code   RO          671    i.HAL_ADC_ConvCpltCallback  stm32f4xx_hal_adc.o
    0x080012da   0x080012da   0x00000002   Code   RO          672    i.HAL_ADC_ConvHalfCpltCallback  stm32f4xx_hal_adc.o
    0x080012dc   0x080012dc   0x00000002   Code   RO          674    i.HAL_ADC_ErrorCallback  stm32f4xx_hal_adc.o
    0x080012de   0x080012de   0x00000002   PAD
    0x080012e0   0x080012e0   0x00000068   Code   RO          679    i.HAL_ADC_Init      stm32f4xx_hal_adc.o
    0x08001348   0x08001348   0x0000007c   Code   RO          189    i.HAL_ADC_MspInit   adc.o
    0x080013c4   0x080013c4   0x00000184   Code   RO          686    i.HAL_ADC_Start_DMA  stm32f4xx_hal_adc.o
    0x08001548   0x08001548   0x00000028   Code   RO          411    i.HAL_DMA_Abort_IT  stm32f4xx_hal_dma.o
    0x08001570   0x08001570   0x00000240   Code   RO          415    i.HAL_DMA_IRQHandler  stm32f4xx_hal_dma.o
    0x080017b0   0x080017b0   0x000000ec   Code   RO          416    i.HAL_DMA_Init      stm32f4xx_hal_dma.o
    0x0800189c   0x0800189c   0x00000092   Code   RO          420    i.HAL_DMA_Start_IT  stm32f4xx_hal_dma.o
    0x0800192e   0x0800192e   0x00000002   PAD
    0x08001930   0x08001930   0x00000028   Code   RO          485    i.HAL_Delay         stm32f4xx_hal.o
    0x08001958   0x08001958   0x00000140   Code   RO          298    i.HAL_ETH_ConfigMAC  stm32f4xx_hal_eth.o
    0x08001a98   0x08001a98   0x0000008c   Code   RO          299    i.HAL_ETH_DMARxDescListInit  stm32f4xx_hal_eth.o
    0x08001b24   0x08001b24   0x00000084   Code   RO          300    i.HAL_ETH_DMATxDescListInit  stm32f4xx_hal_eth.o
    0x08001ba8   0x08001ba8   0x000002a0   Code   RO          307    i.HAL_ETH_Init      stm32f4xx_hal_eth.o
    0x08001e48   0x08001e48   0x00000148   Code   RO         1117    i.HAL_ETH_MspInit   ethernetif.o
    0x08001f90   0x08001f90   0x00000092   Code   RO          310    i.HAL_ETH_ReadPHYRegister  stm32f4xx_hal_eth.o
    0x08002022   0x08002022   0x00000052   Code   RO          312    i.HAL_ETH_Start     stm32f4xx_hal_eth.o
    0x08002074   0x08002074   0x00000052   Code   RO          313    i.HAL_ETH_Stop      stm32f4xx_hal_eth.o
    0x080020c6   0x080020c6   0x0000013e   Code   RO          314    i.HAL_ETH_TransmitFrame  stm32f4xx_hal_eth.o
    0x08002204   0x08002204   0x00000090   Code   RO          316    i.HAL_ETH_WritePHYRegister  stm32f4xx_hal_eth.o
    0x08002294   0x08002294   0x00000014   Code   RO          180    i.HAL_GPIO_EXTI_Callback  gpio.o
    0x080022a8   0x080022a8   0x0000001c   Code   RO          391    i.HAL_GPIO_EXTI_IRQHandler  stm32f4xx_hal_gpio.o
    0x080022c4   0x080022c4   0x00000200   Code   RO          392    i.HAL_GPIO_Init     stm32f4xx_hal_gpio.o
    0x080024c4   0x080024c4   0x0000000c   Code   RO          396    i.HAL_GPIO_WritePin  stm32f4xx_hal_gpio.o
    0x080024d0   0x080024d0   0x0000000c   Code   RO          181    i.HAL_GPIO_set_keycallback  gpio.o
    0x080024dc   0x080024dc   0x0000000c   Code   RO          491    i.HAL_GetTick       stm32f4xx_hal.o
    0x080024e8   0x080024e8   0x00000050   Code   RO          712    i.HAL_IWDG_Init     stm32f4xx_hal_iwdg.o
    0x08002538   0x08002538   0x0000000e   Code   RO          713    i.HAL_IWDG_Refresh  stm32f4xx_hal_iwdg.o
    0x08002546   0x08002546   0x00000002   PAD
    0x08002548   0x08002548   0x00000018   Code   RO          497    i.HAL_IncTick       stm32f4xx_hal.o
    0x08002560   0x08002560   0x0000003c   Code   RO          498    i.HAL_Init          stm32f4xx_hal.o
    0x0800259c   0x0800259c   0x0000004c   Code   RO          499    i.HAL_InitTick      stm32f4xx_hal.o
    0x080025e8   0x080025e8   0x00000048   Code   RO          280    i.HAL_MspInit       stm32f4xx_hal_msp.o
    0x08002630   0x08002630   0x00000020   Code   RO          460    i.HAL_NVIC_EnableIRQ  stm32f4xx_hal_cortex.o
    0x08002650   0x08002650   0x0000007c   Code   RO          466    i.HAL_NVIC_SetPriority  stm32f4xx_hal_cortex.o
    0x080026cc   0x080026cc   0x00000028   Code   RO          467    i.HAL_NVIC_SetPriorityGrouping  stm32f4xx_hal_cortex.o
    0x080026f4   0x080026f4   0x00000002   Code   RO          607    i.HAL_PCDEx_LPM_Callback  stm32f4xx_hal_pcd_ex.o
    0x080026f6   0x080026f6   0x0000000a   Code   RO          608    i.HAL_PCDEx_SetRxFiFo  stm32f4xx_hal_pcd_ex.o
    0x08002700   0x08002700   0x0000004e   Code   RO          609    i.HAL_PCDEx_SetTxFiFo  stm32f4xx_hal_pcd_ex.o
    0x0800274e   0x0800274e   0x0000000e   Code   RO         1824    i.HAL_PCD_ConnectCallback  usbd_conf.o
    0x0800275c   0x0800275c   0x00000020   Code   RO         1825    i.HAL_PCD_DataInStageCallback  usbd_conf.o
    0x0800277c   0x0800277c   0x00000020   Code   RO         1826    i.HAL_PCD_DataOutStageCallback  usbd_conf.o
    0x0800279c   0x0800279c   0x0000000e   Code   RO         1827    i.HAL_PCD_DisconnectCallback  usbd_conf.o
    0x080027aa   0x080027aa   0x0000006a   Code   RO          576    i.HAL_PCD_EP_Close  stm32f4xx_hal_pcd.o
    0x08002814   0x08002814   0x0000007c   Code   RO          577    i.HAL_PCD_EP_ClrStall  stm32f4xx_hal_pcd.o
    0x08002890   0x08002890   0x00000044   Code   RO          578    i.HAL_PCD_EP_Flush  stm32f4xx_hal_pcd.o
    0x080028d4   0x080028d4   0x00000016   Code   RO          579    i.HAL_PCD_EP_GetRxCount  stm32f4xx_hal_pcd.o
    0x080028ea   0x080028ea   0x0000008c   Code   RO          580    i.HAL_PCD_EP_Open   stm32f4xx_hal_pcd.o
    0x08002976   0x08002976   0x00000058   Code   RO          581    i.HAL_PCD_EP_Receive  stm32f4xx_hal_pcd.o
    0x080029ce   0x080029ce   0x0000008a   Code   RO          582    i.HAL_PCD_EP_SetStall  stm32f4xx_hal_pcd.o
    0x08002a58   0x08002a58   0x0000005a   Code   RO          583    i.HAL_PCD_EP_Transmit  stm32f4xx_hal_pcd.o
    0x08002ab2   0x08002ab2   0x0000055c   Code   RO          585    i.HAL_PCD_IRQHandler  stm32f4xx_hal_pcd.o
    0x0800300e   0x0800300e   0x00000012   Code   RO         1828    i.HAL_PCD_ISOINIncompleteCallback  usbd_conf.o
    0x08003020   0x08003020   0x00000012   Code   RO         1829    i.HAL_PCD_ISOOUTIncompleteCallback  usbd_conf.o
    0x08003032   0x08003032   0x00000166   Code   RO          588    i.HAL_PCD_Init      stm32f4xx_hal_pcd.o
    0x08003198   0x08003198   0x000000a8   Code   RO         1831    i.HAL_PCD_MspInit   usbd_conf.o
    0x08003240   0x08003240   0x00000030   Code   RO         1832    i.HAL_PCD_ResetCallback  usbd_conf.o
    0x08003270   0x08003270   0x0000000e   Code   RO         1833    i.HAL_PCD_ResumeCallback  usbd_conf.o
    0x0800327e   0x0800327e   0x0000000e   Code   RO         1834    i.HAL_PCD_SOFCallback  usbd_conf.o
    0x0800328c   0x0800328c   0x00000036   Code   RO          594    i.HAL_PCD_SetAddress  stm32f4xx_hal_pcd.o
    0x080032c2   0x080032c2   0x00000012   Code   RO         1835    i.HAL_PCD_SetupStageCallback  usbd_conf.o
    0x080032d4   0x080032d4   0x0000004a   Code   RO          596    i.HAL_PCD_Start     stm32f4xx_hal_pcd.o
    0x0800331e   0x0800331e   0x00000002   PAD
    0x08003320   0x08003320   0x00000034   Code   RO         1836    i.HAL_PCD_SuspendCallback  usbd_conf.o
    0x08003354   0x08003354   0x00000010   Code   RO          432    i.HAL_PWR_DisableWakeUpPin  stm32f4xx_hal_pwr.o
    0x08003364   0x08003364   0x00000010   Code   RO          437    i.HAL_PWR_EnableWakeUpPin  stm32f4xx_hal_pwr.o
    0x08003374   0x08003374   0x00000028   Code   RO          439    i.HAL_PWR_EnterSTANDBYMode  stm32f4xx_hal_pwr.o
    0x0800339c   0x0800339c   0x000001a0   Code   RO          341    i.HAL_RCCEx_PeriphCLKConfig  stm32f4xx_hal_rcc_ex.o
    0x0800353c   0x0800353c   0x00000184   Code   RO          321    i.HAL_RCC_ClockConfig  stm32f4xx_hal_rcc.o
    0x080036c0   0x080036c0   0x0000000c   Code   RO          326    i.HAL_RCC_GetHCLKFreq  stm32f4xx_hal_rcc.o
    0x080036cc   0x080036cc   0x000000b0   Code   RO          330    i.HAL_RCC_GetSysClockFreq  stm32f4xx_hal_rcc.o
    0x0800377c   0x0800377c   0x000000c0   Code   RO          331    i.HAL_RCC_MCOConfig  stm32f4xx_hal_rcc.o
    0x0800383c   0x0800383c   0x00000488   Code   RO          333    i.HAL_RCC_OscConfig  stm32f4xx_hal_rcc.o
    0x08003cc4   0x08003cc4   0x00000010   Code   RO          209    i.HAL_RTCEx_AlarmBEventCallback  rtc.o
    0x08003cd4   0x08003cd4   0x00000144   Code   RO          768    i.HAL_RTCEx_SetWakeUpTimer_IT  stm32f4xx_hal_rtc_ex.o
    0x08003e18   0x08003e18   0x00000018   Code   RO          210    i.HAL_RTCEx_WakeUpTimerEventCallback  rtc.o
    0x08003e30   0x08003e30   0x00000038   Code   RO          774    i.HAL_RTCEx_WakeUpTimerIRQHandler  stm32f4xx_hal_rtc_ex.o
    0x08003e68   0x08003e68   0x00000010   Code   RO          211    i.HAL_RTC_AlarmAEventCallback  rtc.o
    0x08003e78   0x08003e78   0x0000006c   Code   RO          718    i.HAL_RTC_AlarmIRQHandler  stm32f4xx_hal_rtc.o
    0x08003ee4   0x08003ee4   0x0000004c   Code   RO          722    i.HAL_RTC_GetDate   stm32f4xx_hal_rtc.o
    0x08003f30   0x08003f30   0x00000060   Code   RO          724    i.HAL_RTC_GetTime   stm32f4xx_hal_rtc.o
    0x08003f90   0x08003f90   0x000000d8   Code   RO          725    i.HAL_RTC_Init      stm32f4xx_hal_rtc.o
    0x08004068   0x08004068   0x0000003c   Code   RO          213    i.HAL_RTC_MspInit   rtc.o
    0x080040a4   0x080040a4   0x00000208   Code   RO          730    i.HAL_RTC_SetAlarm_IT  stm32f4xx_hal_rtc.o
    0x080042ac   0x080042ac   0x00000104   Code   RO          731    i.HAL_RTC_SetDate   stm32f4xx_hal_rtc.o
    0x080043b0   0x080043b0   0x0000012c   Code   RO          732    i.HAL_RTC_SetTime   stm32f4xx_hal_rtc.o
    0x080044dc   0x080044dc   0x0000003a   Code   RO          733    i.HAL_RTC_WaitForSynchro  stm32f4xx_hal_rtc.o
    0x08004516   0x08004516   0x0000000a   Code   RO          987    i.HAL_SD_AbortCallback  bsp_driver_sd.o
    0x08004520   0x08004520   0x000000a8   Code   RO          828    i.HAL_SD_ConfigWideBusOperation  stm32f4xx_hal_sd.o
    0x080045c8   0x080045c8   0x00000002   Code   RO          831    i.HAL_SD_ErrorCallback  stm32f4xx_hal_sd.o
    0x080045ca   0x080045ca   0x00000002   PAD
    0x080045cc   0x080045cc   0x000001c8   Code   RO          833    i.HAL_SD_GetCardCSD  stm32f4xx_hal_sd.o
    0x08004794   0x08004794   0x00000026   Code   RO          834    i.HAL_SD_GetCardInfo  stm32f4xx_hal_sd.o
    0x080047ba   0x080047ba   0x00000024   Code   RO          835    i.HAL_SD_GetCardState  stm32f4xx_hal_sd.o
    0x080047de   0x080047de   0x00000002   PAD
    0x080047e0   0x080047e0   0x0000021c   Code   RO          839    i.HAL_SD_IRQHandler  stm32f4xx_hal_sd.o
    0x080049fc   0x080049fc   0x0000003c   Code   RO          840    i.HAL_SD_Init       stm32f4xx_hal_sd.o
    0x08004a38   0x08004a38   0x00000084   Code   RO          841    i.HAL_SD_InitCard   stm32f4xx_hal_sd.o
    0x08004abc   0x08004abc   0x0000018c   Code   RO          225    i.HAL_SD_MspInit    sdio.o
    0x08004c48   0x08004c48   0x000002c0   Code   RO          844    i.HAL_SD_ReadBlocks  stm32f4xx_hal_sd.o
    0x08004f08   0x08004f08   0x0000000a   Code   RO          988    i.HAL_SD_RxCpltCallback  bsp_driver_sd.o
    0x08004f12   0x08004f12   0x0000000a   Code   RO          989    i.HAL_SD_TxCpltCallback  bsp_driver_sd.o
    0x08004f1c   0x08004f1c   0x00000254   Code   RO          849    i.HAL_SD_WriteBlocks  stm32f4xx_hal_sd.o
    0x08005170   0x08005170   0x0000008c   Code   RO          881    i.HAL_SPI_Init      stm32f4xx_hal_spi.o
    0x080051fc   0x080051fc   0x000000c4   Code   RO          233    i.HAL_SPI_MspInit   spi.o
    0x080052c0   0x080052c0   0x00000034   Code   RO          471    i.HAL_SYSTICK_Config  stm32f4xx_hal_cortex.o
    0x080052f4   0x080052f4   0x00000004   Code   RO          260    i.HardFault_Handler  stm32f4xx_it.o
    0x080052f8   0x080052f8   0x0000003e   Code   RO         1798    i.IntToUnicode      usbd_desc.o
    0x08005336   0x08005336   0x00000002   PAD
    0x08005338   0x08005338   0x0000001c   Code   RO          240    i.LL_AHB1_GRP1_EnableClock  usart.o
    0x08005354   0x08005354   0x00000138   Code   RO          951    i.LL_GPIO_Init      stm32f4xx_ll_gpio.o
    0x0800548c   0x0800548c   0x00000024   Code   RO          525    i.LL_RCC_GetSystemClocksFreq  stm32f4xx_ll_rcc.o
    0x080054b0   0x080054b0   0x00000010   Code   RO          527    i.LL_RCC_PLL_GetN   stm32f4xx_ll_rcc.o
    0x080054c0   0x080054c0   0x00000012   Code   RO          241    i.LL_USART_ConfigAsyncMode  usart.o
    0x080054d2   0x080054d2   0x0000000a   Code   RO          242    i.LL_USART_Enable   usart.o
    0x080054dc   0x080054dc   0x000000c4   Code   RO          941    i.LL_USART_Init     stm32f4xx_ll_usart.o
    0x080055a0   0x080055a0   0x0000000a   Code   RO          261    i.LL_USART_IsActiveFlag_RXNE  stm32f4xx_it.o
    0x080055aa   0x080055aa   0x0000000a   Code   RO          942    i.LL_USART_IsEnabled  stm32f4xx_ll_usart.o
    0x080055b4   0x080055b4   0x000001b8   Code   RO          943    i.LL_USART_SetBaudRate  stm32f4xx_ll_usart.o
    0x0800576c   0x0800576c   0x00000048   Code   RO         1928    i.MSC_BOT_Abort     usbd_msc_bot.o
    0x080057b4   0x080057b4   0x000000f8   Code   RO         1929    i.MSC_BOT_CBW_Decode  usbd_msc_bot.o
    0x080058ac   0x080058ac   0x00000040   Code   RO         1930    i.MSC_BOT_CplClrFeature  usbd_msc_bot.o
    0x080058ec   0x080058ec   0x00000050   Code   RO         1931    i.MSC_BOT_DataIn    usbd_msc_bot.o
    0x0800593c   0x0800593c   0x00000046   Code   RO         1932    i.MSC_BOT_DataOut   usbd_msc_bot.o
    0x08005982   0x08005982   0x0000000a   Code   RO         1933    i.MSC_BOT_DeInit    usbd_msc_bot.o
    0x0800598c   0x0800598c   0x0000004a   Code   RO         1934    i.MSC_BOT_Init      usbd_msc_bot.o
    0x080059d6   0x080059d6   0x00000032   Code   RO         1935    i.MSC_BOT_Reset     usbd_msc_bot.o
    0x08005a08   0x08005a08   0x00000040   Code   RO         1936    i.MSC_BOT_SendCSW   usbd_msc_bot.o
    0x08005a48   0x08005a48   0x00000058   Code   RO         1937    i.MSC_BOT_SendData  usbd_msc_bot.o
    0x08005aa0   0x08005aa0   0x00000074   Code   RO          190    i.MX_ADC1_Init      adc.o
    0x08005b14   0x08005b14   0x00000014   Code   RO          191    i.MX_ADC1_set_mem_addr  adc.o
    0x08005b28   0x08005b28   0x00000058   Code   RO          197    i.MX_DMA_Init       dma.o
    0x08005b80   0x08005b80   0x00000034   Code   RO         1014    i.MX_FATFS_Init     fatfs.o
    0x08005bb4   0x08005bb4   0x00000184   Code   RO         1015    i.MX_FATFS_SDcard_Init  fatfs.o
    0x08005d38   0x08005d38   0x00000190   Code   RO         1016    i.MX_FATFS_USER_Init  fatfs.o
    0x08005ec8   0x08005ec8   0x00000168   Code   RO          182    i.MX_GPIO_Init      gpio.o
    0x08006030   0x08006030   0x00000028   Code   RO          202    i.MX_IWDG_Init      iwdg.o
    0x08006058   0x08006058   0x00000010   Code   RO          203    i.MX_IWDG_Refresh   iwdg.o
    0x08006068   0x08006068   0x00000240   Code   RO         1136    i.MX_LWIP_Init      lwip.o
    0x080062a8   0x080062a8   0x00000100   Code   RO          214    i.MX_RTC_Init       rtc.o
    0x080063a8   0x080063a8   0x00000024   Code   RO          226    i.MX_SDIO_SD_Init   sdio.o
    0x080063cc   0x080063cc   0x00000044   Code   RO          234    i.MX_SPI1_Init      spi.o
    0x08006410   0x08006410   0x000000ac   Code   RO          243    i.MX_USART1_UART_Init  usart.o
    0x080064bc   0x080064bc   0x000000d4   Code   RO          244    i.MX_USART2_UART_Init  usart.o
    0x08006590   0x08006590   0x0000004c   Code   RO         1791    i.MX_USB_DEVICE_Init  usb_device.o
    0x080065dc   0x080065dc   0x00000004   Code   RO          262    i.MemManage_Handler  stm32f4xx_it.o
    0x080065e0   0x080065e0   0x00000002   Code   RO          263    i.NMI_Handler       stm32f4xx_it.o
    0x080065e2   0x080065e2   0x00000040   Code   RO          245    i.NVIC_EncodePriority  usart.o
    0x08006622   0x08006622   0x00000002   PAD
    0x08006624   0x08006624   0x00000010   Code   RO          264    i.OTG_FS_IRQHandler  stm32f4xx_it.o
    0x08006634   0x08006634   0x00000064   Code   RO          600    i.PCD_EP_OutSetupPacket_int  stm32f4xx_hal_pcd.o
    0x08006698   0x08006698   0x0000017c   Code   RO          601    i.PCD_EP_OutXfrComplete_int  stm32f4xx_hal_pcd.o
    0x08006814   0x08006814   0x000000b6   Code   RO          602    i.PCD_WriteEmptyTxFifo  stm32f4xx_hal_pcd.o
    0x080068ca   0x080068ca   0x00000002   Code   RO          265    i.PendSV_Handler    stm32f4xx_it.o
    0x080068cc   0x080068cc   0x00000020   Code   RO          529    i.RCC_GetHCLKClockFreq  stm32f4xx_ll_rcc.o
    0x080068ec   0x080068ec   0x00000024   Code   RO          530    i.RCC_GetPCLK1ClockFreq  stm32f4xx_ll_rcc.o
    0x08006910   0x08006910   0x00000024   Code   RO          531    i.RCC_GetPCLK2ClockFreq  stm32f4xx_ll_rcc.o
    0x08006934   0x08006934   0x00000044   Code   RO          532    i.RCC_GetSystemClockFreq  stm32f4xx_ll_rcc.o
    0x08006978   0x08006978   0x00000070   Code   RO          535    i.RCC_PLL_GetFreqDomain_SYS  stm32f4xx_ll_rcc.o
    0x080069e8   0x080069e8   0x00000010   Code   RO          266    i.RTC_Alarm_IRQHandler  stm32f4xx_it.o
    0x080069f8   0x080069f8   0x00000016   Code   RO          734    i.RTC_Bcd2ToByte    stm32f4xx_hal_rtc.o
    0x08006a0e   0x08006a0e   0x0000001a   Code   RO          735    i.RTC_ByteToBcd2    stm32f4xx_hal_rtc.o
    0x08006a28   0x08006a28   0x0000003e   Code   RO          736    i.RTC_EnterInitMode  stm32f4xx_hal_rtc.o
    0x08006a66   0x08006a66   0x00000002   PAD
    0x08006a68   0x08006a68   0x00000010   Code   RO          267    i.RTC_WKUP_IRQHandler  stm32f4xx_it.o
    0x08006a78   0x08006a78   0x00000026   Code   RO         1947    i.SCSI_AllowPreventRemovable  usbd_msc_scsi.o
    0x08006a9e   0x08006a9e   0x00000036   Code   RO         1948    i.SCSI_CheckAddressRange  usbd_msc_scsi.o
    0x08006ad4   0x08006ad4   0x000000a8   Code   RO         1949    i.SCSI_Inquiry      usbd_msc_scsi.o
    0x08006b7c   0x08006b7c   0x0000002c   Code   RO         1950    i.SCSI_ModeSense10  usbd_msc_scsi.o
    0x08006ba8   0x08006ba8   0x0000002c   Code   RO         1951    i.SCSI_ModeSense6   usbd_msc_scsi.o
    0x08006bd4   0x08006bd4   0x0000014a   Code   RO         1952    i.SCSI_ProcessCmd   usbd_msc_scsi.o
    0x08006d1e   0x08006d1e   0x000000ca   Code   RO         1953    i.SCSI_ProcessRead  usbd_msc_scsi.o
    0x08006de8   0x08006de8   0x000000fa   Code   RO         1954    i.SCSI_ProcessWrite  usbd_msc_scsi.o
    0x08006ee2   0x08006ee2   0x000000fe   Code   RO         1955    i.SCSI_Read10       usbd_msc_scsi.o
    0x08006fe0   0x08006fe0   0x0000010e   Code   RO         1956    i.SCSI_Read12       usbd_msc_scsi.o
    0x080070ee   0x080070ee   0x000000a0   Code   RO         1957    i.SCSI_ReadCapacity10  usbd_msc_scsi.o
    0x0800718e   0x0800718e   0x000000e2   Code   RO         1958    i.SCSI_ReadCapacity16  usbd_msc_scsi.o
    0x08007270   0x08007270   0x0000009a   Code   RO         1959    i.SCSI_ReadFormatCapacity  usbd_msc_scsi.o
    0x0800730a   0x0800730a   0x000000c0   Code   RO         1960    i.SCSI_RequestSense  usbd_msc_scsi.o
    0x080073ca   0x080073ca   0x00000058   Code   RO         1961    i.SCSI_SenseCode    usbd_msc_scsi.o
    0x08007422   0x08007422   0x00000074   Code   RO         1962    i.SCSI_StartStopUnit  usbd_msc_scsi.o
    0x08007496   0x08007496   0x00000078   Code   RO         1963    i.SCSI_TestUnitReady  usbd_msc_scsi.o
    0x0800750e   0x0800750e   0x00000020   Code   RO         1964    i.SCSI_UpdateBotData  usbd_msc_scsi.o
    0x0800752e   0x0800752e   0x00000050   Code   RO         1965    i.SCSI_Verify10     usbd_msc_scsi.o
    0x0800757e   0x0800757e   0x00000144   Code   RO         1966    i.SCSI_Write10      usbd_msc_scsi.o
    0x080076c2   0x080076c2   0x00000158   Code   RO         1967    i.SCSI_Write12      usbd_msc_scsi.o
    0x0800781a   0x0800781a   0x0000002c   Code   RO          778    i.SDIO_ConfigData   stm32f4xx_ll_sdmmc.o
    0x08007846   0x08007846   0x00000008   Code   RO          779    i.SDIO_GetCommandResponse  stm32f4xx_ll_sdmmc.o
    0x0800784e   0x0800784e   0x0000000a   Code   RO          782    i.SDIO_GetPowerState  stm32f4xx_ll_sdmmc.o
    0x08007858   0x08007858   0x0000000c   Code   RO          783    i.SDIO_GetResponse  stm32f4xx_ll_sdmmc.o
    0x08007864   0x08007864   0x00000010   Code   RO          268    i.SDIO_IRQHandler   stm32f4xx_it.o
    0x08007874   0x08007874   0x00000034   Code   RO          784    i.SDIO_Init         stm32f4xx_ll_sdmmc.o
    0x080078a8   0x080078a8   0x00000012   Code   RO          786    i.SDIO_PowerState_ON  stm32f4xx_ll_sdmmc.o
    0x080078ba   0x080078ba   0x00000008   Code   RO          787    i.SDIO_ReadFIFO     stm32f4xx_ll_sdmmc.o
    0x080078c2   0x080078c2   0x00000028   Code   RO          788    i.SDIO_SendCommand  stm32f4xx_ll_sdmmc.o
    0x080078ea   0x080078ea   0x0000000c   Code   RO          790    i.SDIO_WriteFIFO    stm32f4xx_ll_sdmmc.o
    0x080078f6   0x080078f6   0x00000038   Code   RO          791    i.SDMMC_CmdAppCommand  stm32f4xx_ll_sdmmc.o
    0x0800792e   0x0800792e   0x00000002   PAD
    0x08007930   0x08007930   0x0000003c   Code   RO          792    i.SDMMC_CmdAppOperCommand  stm32f4xx_ll_sdmmc.o
    0x0800796c   0x0800796c   0x00000038   Code   RO          793    i.SDMMC_CmdBlockLength  stm32f4xx_ll_sdmmc.o
    0x080079a4   0x080079a4   0x00000038   Code   RO          794    i.SDMMC_CmdBusWidth  stm32f4xx_ll_sdmmc.o
    0x080079dc   0x080079dc   0x0000002c   Code   RO          798    i.SDMMC_CmdGoIdleState  stm32f4xx_ll_sdmmc.o
    0x08007a08   0x08007a08   0x00000034   Code   RO          800    i.SDMMC_CmdOperCond  stm32f4xx_ll_sdmmc.o
    0x08007a3c   0x08007a3c   0x00000038   Code   RO          801    i.SDMMC_CmdReadMultiBlock  stm32f4xx_ll_sdmmc.o
    0x08007a74   0x08007a74   0x00000038   Code   RO          802    i.SDMMC_CmdReadSingleBlock  stm32f4xx_ll_sdmmc.o
    0x08007aac   0x08007aac   0x0000003a   Code   RO          805    i.SDMMC_CmdSelDesel  stm32f4xx_ll_sdmmc.o
    0x08007ae6   0x08007ae6   0x00000032   Code   RO          806    i.SDMMC_CmdSendCID  stm32f4xx_ll_sdmmc.o
    0x08007b18   0x08007b18   0x00000032   Code   RO          807    i.SDMMC_CmdSendCSD  stm32f4xx_ll_sdmmc.o
    0x08007b4a   0x08007b4a   0x00000038   Code   RO          808    i.SDMMC_CmdSendSCR  stm32f4xx_ll_sdmmc.o
    0x08007b82   0x08007b82   0x00000038   Code   RO          809    i.SDMMC_CmdSendStatus  stm32f4xx_ll_sdmmc.o
    0x08007bba   0x08007bba   0x00000038   Code   RO          810    i.SDMMC_CmdSetRelAdd  stm32f4xx_ll_sdmmc.o
    0x08007bf2   0x08007bf2   0x00000002   PAD
    0x08007bf4   0x08007bf4   0x0000003c   Code   RO          812    i.SDMMC_CmdStopTransfer  stm32f4xx_ll_sdmmc.o
    0x08007c30   0x08007c30   0x00000038   Code   RO          814    i.SDMMC_CmdWriteMultiBlock  stm32f4xx_ll_sdmmc.o
    0x08007c68   0x08007c68   0x00000038   Code   RO          815    i.SDMMC_CmdWriteSingleBlock  stm32f4xx_ll_sdmmc.o
    0x08007ca0   0x08007ca0   0x00000040   Code   RO          816    i.SDMMC_GetCmdError  stm32f4xx_ll_sdmmc.o
    0x08007ce0   0x08007ce0   0x000001ac   Code   RO          817    i.SDMMC_GetCmdResp1  stm32f4xx_ll_sdmmc.o
    0x08007e8c   0x08007e8c   0x00000064   Code   RO          818    i.SDMMC_GetCmdResp2  stm32f4xx_ll_sdmmc.o
    0x08007ef0   0x08007ef0   0x00000058   Code   RO          819    i.SDMMC_GetCmdResp3  stm32f4xx_ll_sdmmc.o
    0x08007f48   0x08007f48   0x000000b8   Code   RO          820    i.SDMMC_GetCmdResp6  stm32f4xx_ll_sdmmc.o
    0x08008000   0x08008000   0x0000006c   Code   RO          821    i.SDMMC_GetCmdResp7  stm32f4xx_ll_sdmmc.o
    0x0800806c   0x0800806c   0x00000028   Code   RO          993    i.SD_CheckStatus    sd_diskio.o
    0x08008094   0x08008094   0x00000048   Code   RO          854    i.SD_DMARxAbort     stm32f4xx_hal_sd.o
    0x080080dc   0x080080dc   0x00000048   Code   RO          856    i.SD_DMATxAbort     stm32f4xx_hal_sd.o
    0x08008124   0x08008124   0x00000134   Code   RO          857    i.SD_FindSCR        stm32f4xx_hal_sd.o
    0x08008258   0x08008258   0x00000102   Code   RO          858    i.SD_InitCard       stm32f4xx_hal_sd.o
    0x0800835a   0x0800835a   0x00000002   PAD
    0x0800835c   0x0800835c   0x000000cc   Code   RO          860    i.SD_PowerON        stm32f4xx_hal_sd.o
    0x08008428   0x08008428   0x0000004a   Code   RO          861    i.SD_Read_IT        stm32f4xx_hal_sd.o
    0x08008472   0x08008472   0x00000030   Code   RO          863    i.SD_SendStatus     stm32f4xx_hal_sd.o
    0x080084a2   0x080084a2   0x00000068   Code   RO          864    i.SD_WideBus_Disable  stm32f4xx_hal_sd.o
    0x0800850a   0x0800850a   0x00000068   Code   RO          865    i.SD_WideBus_Enable  stm32f4xx_hal_sd.o
    0x08008572   0x08008572   0x00000054   Code   RO          866    i.SD_Write_IT       stm32f4xx_hal_sd.o
    0x080085c6   0x080085c6   0x00000002   PAD
    0x080085c8   0x080085c8   0x00000024   Code   RO          994    i.SD_initialize     sd_diskio.o
    0x080085ec   0x080085ec   0x0000006c   Code   RO          995    i.SD_ioctl          sd_diskio.o
    0x08008658   0x08008658   0x0000002e   Code   RO          996    i.SD_read           sd_diskio.o
    0x08008686   0x08008686   0x0000000c   Code   RO          997    i.SD_status         sd_diskio.o
    0x08008692   0x08008692   0x0000002e   Code   RO          998    i.SD_write          sd_diskio.o
    0x080086c0   0x080086c0   0x00000044   Code   RO          127    i.SPI_FLASH_BufferRead  driver_spi_flash.o
    0x08008704   0x08008704   0x00000122   Code   RO          128    i.SPI_FLASH_BufferWrite  driver_spi_flash.o
    0x08008826   0x08008826   0x00000002   PAD
    0x08008828   0x08008828   0x00000010   Code   RO          130    i.SPI_FLASH_CS_HIGH  driver_spi_flash.o
    0x08008838   0x08008838   0x00000010   Code   RO          131    i.SPI_FLASH_CS_LOW  driver_spi_flash.o
    0x08008848   0x08008848   0x00000090   Code   RO          132    i.SPI_FLASH_PageWrite  driver_spi_flash.o
    0x080088d8   0x080088d8   0x00000030   Code   RO          134    i.SPI_FLASH_ReadDeviceID  driver_spi_flash.o
    0x08008908   0x08008908   0x00000042   Code   RO          135    i.SPI_FLASH_ReadID  driver_spi_flash.o
    0x0800894a   0x0800894a   0x00000036   Code   RO          136    i.SPI_FLASH_SectorErase  driver_spi_flash.o
    0x08008980   0x08008980   0x00000078   Code   RO          137    i.SPI_FLASH_SendByte  driver_spi_flash.o
    0x080089f8   0x080089f8   0x00000048   Code   RO          140    i.SPI_FLASH_WaitForWriteEnd  driver_spi_flash.o
    0x08008a40   0x08008a40   0x00000012   Code   RO          141    i.SPI_FLASH_WriteEnable  driver_spi_flash.o
    0x08008a52   0x08008a52   0x00000012   Code   RO          143    i.SPI_Flash_WAKEUP  driver_spi_flash.o
    0x08008a64   0x08008a64   0x00000038   Code   RO          144    i.SPI_TIMEOUT_UserCallback  driver_spi_flash.o
    0x08008a9c   0x08008a9c   0x0000002c   Code   RO         1812    i.STORAGE_GetCapacity_FS  usbd_storage_if.o
    0x08008ac8   0x08008ac8   0x00000004   Code   RO         1813    i.STORAGE_GetMaxLun_FS  usbd_storage_if.o
    0x08008acc   0x08008acc   0x00000006   Code   RO         1814    i.STORAGE_Init_FS   usbd_storage_if.o
    0x08008ad2   0x08008ad2   0x00000006   Code   RO         1815    i.STORAGE_IsReady_FS  usbd_storage_if.o
    0x08008ad8   0x08008ad8   0x00000006   Code   RO         1816    i.STORAGE_IsWriteProtected_FS  usbd_storage_if.o
    0x08008ade   0x08008ade   0x00000002   PAD
    0x08008ae0   0x08008ae0   0x00000040   Code   RO         1817    i.STORAGE_Read_FS   usbd_storage_if.o
    0x08008b20   0x08008b20   0x00000048   Code   RO         1818    i.STORAGE_Write_FS  usbd_storage_if.o
    0x08008b68   0x08008b68   0x00000002   Code   RO          269    i.SVC_Handler       stm32f4xx_it.o
    0x08008b6a   0x08008b6a   0x00000012   Code   RO         1882    i.SWAPBYTE          usbd_ctlreq.o
    0x08008b7c   0x08008b7c   0x00000008   Code   RO          270    i.SysTick_Handler   stm32f4xx_it.o
    0x08008b84   0x08008b84   0x000000d8   Code   RO          173    i.SystemClock_Config  main.o
    0x08008c5c   0x08008c5c   0x0000001c   Code   RO          967    i.SystemInit        system_stm32f4xx.o
    0x08008c78   0x08008c78   0x00000024   Code   RO          271    i.USART1_IRQHandler  stm32f4xx_it.o
    0x08008c9c   0x08008c9c   0x00000024   Code   RO          272    i.USART2_IRQHandler  stm32f4xx_it.o
    0x08008cc0   0x08008cc0   0x0000001c   Code   RO         1858    i.USBD_ClrClassConfig  usbd_core.o
    0x08008cdc   0x08008cdc   0x0000003e   Code   RO         1883    i.USBD_ClrFeature   usbd_ctlreq.o
    0x08008d1a   0x08008d1a   0x00000018   Code   RO         1902    i.USBD_CtlContinueRx  usbd_ioreq.o
    0x08008d32   0x08008d32   0x00000018   Code   RO         1903    i.USBD_CtlContinueSendData  usbd_ioreq.o
    0x08008d4a   0x08008d4a   0x00000018   Code   RO         1884    i.USBD_CtlError     usbd_ctlreq.o
    0x08008d62   0x08008d62   0x0000001a   Code   RO         1905    i.USBD_CtlReceiveStatus  usbd_ioreq.o
    0x08008d7c   0x08008d7c   0x00000022   Code   RO         1906    i.USBD_CtlSendData  usbd_ioreq.o
    0x08008d9e   0x08008d9e   0x0000001a   Code   RO         1907    i.USBD_CtlSendStatus  usbd_ioreq.o
    0x08008db8   0x08008db8   0x00000034   Code   RO         1799    i.USBD_FS_ConfigStrDescriptor  usbd_desc.o
    0x08008dec   0x08008dec   0x00000010   Code   RO         1800    i.USBD_FS_DeviceDescriptor  usbd_desc.o
    0x08008dfc   0x08008dfc   0x00000038   Code   RO         1801    i.USBD_FS_InterfaceStrDescriptor  usbd_desc.o
    0x08008e34   0x08008e34   0x00000010   Code   RO         1802    i.USBD_FS_LangIDStrDescriptor  usbd_desc.o
    0x08008e44   0x08008e44   0x0000002c   Code   RO         1803    i.USBD_FS_ManufacturerStrDescriptor  usbd_desc.o
    0x08008e70   0x08008e70   0x0000003c   Code   RO         1804    i.USBD_FS_ProductStrDescriptor  usbd_desc.o
    0x08008eac   0x08008eac   0x00000018   Code   RO         1805    i.USBD_FS_SerialStrDescriptor  usbd_desc.o
    0x08008ec4   0x08008ec4   0x00000056   Code   RO         1885    i.USBD_GetConfig    usbd_ctlreq.o
    0x08008f1a   0x08008f1a   0x000001fc   Code   RO         1886    i.USBD_GetDescriptor  usbd_ctlreq.o
    0x08009116   0x08009116   0x00000016   Code   RO         1887    i.USBD_GetLen       usbd_ctlreq.o
    0x0800912c   0x0800912c   0x0000005a   Code   RO         1888    i.USBD_GetStatus    usbd_ctlreq.o
    0x08009186   0x08009186   0x00000054   Code   RO         1889    i.USBD_GetString    usbd_ctlreq.o
    0x080091da   0x080091da   0x0000002c   Code   RO         1837    i.USBD_Get_USB_Status  usbd_conf.o
    0x08009206   0x08009206   0x00000044   Code   RO         1860    i.USBD_Init         usbd_core.o
    0x0800924a   0x0800924a   0x00000026   Code   RO         1838    i.USBD_LL_ClearStallEP  usbd_conf.o
    0x08009270   0x08009270   0x00000026   Code   RO         1839    i.USBD_LL_CloseEP   usbd_conf.o
    0x08009296   0x08009296   0x000000e6   Code   RO         1861    i.USBD_LL_DataInStage  usbd_core.o
    0x0800937c   0x0800937c   0x00000092   Code   RO         1862    i.USBD_LL_DataOutStage  usbd_core.o
    0x0800940e   0x0800940e   0x00000006   Code   RO         1863    i.USBD_LL_DevConnected  usbd_core.o
    0x08009414   0x08009414   0x00000020   Code   RO         1864    i.USBD_LL_DevDisconnected  usbd_core.o
    0x08009434   0x08009434   0x00000026   Code   RO         1842    i.USBD_LL_FlushEP   usbd_conf.o
    0x0800945a   0x0800945a   0x00000012   Code   RO         1843    i.USBD_LL_GetRxDataSize  usbd_conf.o
    0x0800946c   0x0800946c   0x00000068   Code   RO         1844    i.USBD_LL_Init      usbd_conf.o
    0x080094d4   0x080094d4   0x00000038   Code   RO         1845    i.USBD_LL_IsStallEP  usbd_conf.o
    0x0800950c   0x0800950c   0x00000006   Code   RO         1865    i.USBD_LL_IsoINIncomplete  usbd_core.o
    0x08009512   0x08009512   0x00000006   Code   RO         1866    i.USBD_LL_IsoOUTIncomplete  usbd_core.o
    0x08009518   0x08009518   0x00000030   Code   RO         1846    i.USBD_LL_OpenEP    usbd_conf.o
    0x08009548   0x08009548   0x00000030   Code   RO         1847    i.USBD_LL_PrepareReceive  usbd_conf.o
    0x08009578   0x08009578   0x0000005a   Code   RO         1867    i.USBD_LL_Reset     usbd_core.o
    0x080095d2   0x080095d2   0x00000016   Code   RO         1868    i.USBD_LL_Resume    usbd_core.o
    0x080095e8   0x080095e8   0x00000022   Code   RO         1869    i.USBD_LL_SOF       usbd_core.o
    0x0800960a   0x0800960a   0x00000008   Code   RO         1870    i.USBD_LL_SetSpeed  usbd_core.o
    0x08009612   0x08009612   0x00000026   Code   RO         1848    i.USBD_LL_SetUSBAddress  usbd_conf.o
    0x08009638   0x08009638   0x00000076   Code   RO         1871    i.USBD_LL_SetupStage  usbd_core.o
    0x080096ae   0x080096ae   0x00000026   Code   RO         1849    i.USBD_LL_StallEP   usbd_conf.o
    0x080096d4   0x080096d4   0x0000001e   Code   RO         1850    i.USBD_LL_Start     usbd_conf.o
    0x080096f2   0x080096f2   0x00000014   Code   RO         1872    i.USBD_LL_Suspend   usbd_core.o
    0x08009706   0x08009706   0x00000030   Code   RO         1852    i.USBD_LL_Transmit  usbd_conf.o
    0x08009736   0x08009736   0x00000012   Code   RO         1913    i.USBD_MSC_DataIn   usbd_msc.o
    0x08009748   0x08009748   0x00000012   Code   RO         1914    i.USBD_MSC_DataOut  usbd_msc.o
    0x0800975a   0x0800975a   0x0000003e   Code   RO         1915    i.USBD_MSC_DeInit   usbd_msc.o
    0x08009798   0x08009798   0x00000010   Code   RO         1916    i.USBD_MSC_GetDeviceQualifierDescriptor  usbd_msc.o
    0x080097a8   0x080097a8   0x00000010   Code   RO         1917    i.USBD_MSC_GetFSCfgDesc  usbd_msc.o
    0x080097b8   0x080097b8   0x00000010   Code   RO         1918    i.USBD_MSC_GetHSCfgDesc  usbd_msc.o
    0x080097c8   0x080097c8   0x00000010   Code   RO         1919    i.USBD_MSC_GetOtherSpeedCfgDesc  usbd_msc.o
    0x080097d8   0x080097d8   0x00000076   Code   RO         1920    i.USBD_MSC_Init     usbd_msc.o
    0x0800984e   0x0800984e   0x00000010   Code   RO         1921    i.USBD_MSC_RegisterStorage  usbd_msc.o
    0x0800985e   0x0800985e   0x00000144   Code   RO         1922    i.USBD_MSC_Setup    usbd_msc.o
    0x080099a2   0x080099a2   0x00000036   Code   RO         1890    i.USBD_ParseSetupRequest  usbd_ctlreq.o
    0x080099d8   0x080099d8   0x00000026   Code   RO         1873    i.USBD_RegisterClass  usbd_core.o
    0x080099fe   0x080099fe   0x00000006   Code   RO         1874    i.USBD_RunTestMode  usbd_core.o
    0x08009a04   0x08009a04   0x0000005a   Code   RO         1891    i.USBD_SetAddress   usbd_ctlreq.o
    0x08009a5e   0x08009a5e   0x00000020   Code   RO         1875    i.USBD_SetClassConfig  usbd_core.o
    0x08009a7e   0x08009a7e   0x00000002   PAD
    0x08009a80   0x08009a80   0x000000fc   Code   RO         1892    i.USBD_SetConfig    usbd_ctlreq.o
    0x08009b7c   0x08009b7c   0x00000018   Code   RO         1893    i.USBD_SetFeature   usbd_ctlreq.o
    0x08009b94   0x08009b94   0x0000000c   Code   RO         1876    i.USBD_Start        usbd_core.o
    0x08009ba0   0x08009ba0   0x000000a6   Code   RO         1894    i.USBD_StdDevReq    usbd_ctlreq.o
    0x08009c46   0x08009c46   0x0000022a   Code   RO         1895    i.USBD_StdEPReq     usbd_ctlreq.o
    0x08009e70   0x08009e70   0x0000007e   Code   RO         1896    i.USBD_StdItfReq    usbd_ctlreq.o
    0x08009eee   0x08009eee   0x00000002   PAD
    0x08009ef0   0x08009ef0   0x000000d0   Code   RO          614    i.USB_ActivateEndpoint  stm32f4xx_ll_usb.o
    0x08009fc0   0x08009fc0   0x00000028   Code   RO          616    i.USB_ActivateSetup  stm32f4xx_ll_usb.o
    0x08009fe8   0x08009fe8   0x00000084   Code   RO          618    i.USB_CoreInit      stm32f4xx_ll_usb.o
    0x0800a06c   0x0800a06c   0x0000004c   Code   RO          619    i.USB_CoreReset     stm32f4xx_ll_usb.o
    0x0800a0b8   0x0800a0b8   0x0000014c   Code   RO          622    i.USB_DeactivateEndpoint  stm32f4xx_ll_usb.o
    0x0800a204   0x0800a204   0x00000024   Code   RO          623    i.USB_DevConnect    stm32f4xx_ll_usb.o
    0x0800a228   0x0800a228   0x00000024   Code   RO          624    i.USB_DevDisconnect  stm32f4xx_ll_usb.o
    0x0800a24c   0x0800a24c   0x000001e0   Code   RO          625    i.USB_DevInit       stm32f4xx_ll_usb.o
    0x0800a42c   0x0800a42c   0x0000000e   Code   RO          626    i.USB_DisableGlobalInt  stm32f4xx_ll_usb.o
    0x0800a43a   0x0800a43a   0x00000002   PAD
    0x0800a43c   0x0800a43c   0x000001d8   Code   RO          629    i.USB_EP0StartXfer  stm32f4xx_ll_usb.o
    0x0800a614   0x0800a614   0x00000070   Code   RO          630    i.USB_EP0_OutStart  stm32f4xx_ll_usb.o
    0x0800a684   0x0800a684   0x0000008e   Code   RO          631    i.USB_EPClearStall  stm32f4xx_ll_usb.o
    0x0800a712   0x0800a712   0x0000009a   Code   RO          632    i.USB_EPSetStall    stm32f4xx_ll_usb.o
    0x0800a7ac   0x0800a7ac   0x00000344   Code   RO          633    i.USB_EPStartXfer   stm32f4xx_ll_usb.o
    0x0800aaf0   0x0800aaf0   0x0000000e   Code   RO          634    i.USB_EnableGlobalInt  stm32f4xx_ll_usb.o
    0x0800aafe   0x0800aafe   0x00000002   PAD
    0x0800ab00   0x0800ab00   0x0000002c   Code   RO          635    i.USB_FlushRxFifo   stm32f4xx_ll_usb.o
    0x0800ab2c   0x0800ab2c   0x00000030   Code   RO          636    i.USB_FlushTxFifo   stm32f4xx_ll_usb.o
    0x0800ab5c   0x0800ab5c   0x00000026   Code   RO          638    i.USB_GetDevSpeed   stm32f4xx_ll_usb.o
    0x0800ab82   0x0800ab82   0x0000000a   Code   RO          640    i.USB_GetMode       stm32f4xx_ll_usb.o
    0x0800ab8c   0x0800ab8c   0x00000014   Code   RO          647    i.USB_ReadDevAllInEpInterrupt  stm32f4xx_ll_usb.o
    0x0800aba0   0x0800aba0   0x00000014   Code   RO          648    i.USB_ReadDevAllOutEpInterrupt  stm32f4xx_ll_usb.o
    0x0800abb4   0x0800abb4   0x00000032   Code   RO          649    i.USB_ReadDevInEPInterrupt  stm32f4xx_ll_usb.o
    0x0800abe6   0x0800abe6   0x0000001a   Code   RO          650    i.USB_ReadDevOutEPInterrupt  stm32f4xx_ll_usb.o
    0x0800ac00   0x0800ac00   0x0000000a   Code   RO          651    i.USB_ReadInterrupts  stm32f4xx_ll_usb.o
    0x0800ac0a   0x0800ac0a   0x00000022   Code   RO          652    i.USB_ReadPacket    stm32f4xx_ll_usb.o
    0x0800ac2c   0x0800ac2c   0x00000036   Code   RO          654    i.USB_SetCurrentMode  stm32f4xx_ll_usb.o
    0x0800ac62   0x0800ac62   0x0000002a   Code   RO          655    i.USB_SetDevAddress  stm32f4xx_ll_usb.o
    0x0800ac8c   0x0800ac8c   0x00000012   Code   RO          656    i.USB_SetDevSpeed   stm32f4xx_ll_usb.o
    0x0800ac9e   0x0800ac9e   0x00000002   PAD
    0x0800aca0   0x0800aca0   0x000000e8   Code   RO          657    i.USB_SetTurnaroundTime  stm32f4xx_ll_usb.o
    0x0800ad88   0x0800ad88   0x0000003c   Code   RO          660    i.USB_WritePacket   stm32f4xx_ll_usb.o
    0x0800adc4   0x0800adc4   0x00000080   Code   RO         1004    i.USER_initialize   user_diskio.o
    0x0800ae44   0x0800ae44   0x00000030   Code   RO         1005    i.USER_ioctl        user_diskio.o
    0x0800ae74   0x0800ae74   0x00000022   Code   RO         1006    i.USER_read         user_diskio.o
    0x0800ae96   0x0800ae96   0x00000002   PAD
    0x0800ae98   0x0800ae98   0x00000030   Code   RO         1007    i.USER_status       user_diskio.o
    0x0800aec8   0x0800aec8   0x0000002a   Code   RO         1008    i.USER_write        user_diskio.o
    0x0800aef2   0x0800aef2   0x00000004   Code   RO          273    i.UsageFault_Handler  stm32f4xx_it.o
    0x0800aef6   0x0800aef6   0x00000002   PAD
    0x0800aef8   0x0800aef8   0x00000020   Code   RO         2115    i.__0printf         mc_w.l(printfa.o)
    0x0800af18   0x0800af18   0x0000001a   Code   RO          246    i.__NVIC_EnableIRQ  usart.o
    0x0800af32   0x0800af32   0x00000002   PAD
    0x0800af34   0x0800af34   0x00000010   Code   RO          247    i.__NVIC_GetPriorityGrouping  usart.o
    0x0800af44   0x0800af44   0x00000010   Code   RO          473    i.__NVIC_GetPriorityGrouping  stm32f4xx_hal_cortex.o
    0x0800af54   0x0800af54   0x00000028   Code   RO          248    i.__NVIC_SetPriority  usart.o
    0x0800af7c   0x0800af7c   0x00000028   Code   RO          474    i.__NVIC_SetPriority  stm32f4xx_hal_cortex.o
    0x0800afa4   0x0800afa4   0x0000000e   Code   RO         2185    i.__scatterload_copy  mc_w.l(handlers.o)
    0x0800afb2   0x0800afb2   0x00000002   Code   RO         2186    i.__scatterload_null  mc_w.l(handlers.o)
    0x0800afb4   0x0800afb4   0x0000000e   Code   RO         2187    i.__scatterload_zeroinit  mc_w.l(handlers.o)
    0x0800afc2   0x0800afc2   0x00000002   PAD
    0x0800afc4   0x0800afc4   0x00000184   Code   RO         2122    i._fp_digits        mc_w.l(printfa.o)
    0x0800b148   0x0800b148   0x000006dc   Code   RO         2123    i._printf_core      mc_w.l(printfa.o)
    0x0800b824   0x0800b824   0x00000024   Code   RO         2124    i._printf_post_padding  mc_w.l(printfa.o)
    0x0800b848   0x0800b848   0x0000002e   Code   RO         2125    i._printf_pre_padding  mc_w.l(printfa.o)
    0x0800b876   0x0800b876   0x00000008   Code   RO            2    i.app_manager_handle  app_manager.o
    0x0800b87e   0x0800b87e   0x00000008   Code   RO            3    i.app_manager_init  app_manager.o
    0x0800b886   0x0800b886   0x00000002   Code   RO           27    i.callback          module_terst.o
    0x0800b888   0x0800b888   0x0000007c   Code   RO         1034    i.check_fs          ff.o
    0x0800b904   0x0800b904   0x00000028   Code   RO         1037    i.clear_lock        ff.o
    0x0800b92c   0x0800b92c   0x0000000c   Code   RO          159    i.delay_ms          board.o
    0x0800b938   0x0800b938   0x0000002c   Code   RO         1024    i.disk_initialize   diskio.o
    0x0800b964   0x0800b964   0x00000028   Code   RO         1025    i.disk_ioctl        diskio.o
    0x0800b98c   0x0800b98c   0x00000030   Code   RO         1026    i.disk_read         diskio.o
    0x0800b9bc   0x0800b9bc   0x0000001c   Code   RO         1027    i.disk_status       diskio.o
    0x0800b9d8   0x0800b9d8   0x00000030   Code   RO         1028    i.disk_write        diskio.o
    0x0800ba08   0x0800ba08   0x000000ac   Code   RO         1394    i.do_memp_free_pool  memp.o
    0x0800bab4   0x0800bab4   0x000000b4   Code   RO         1395    i.do_memp_malloc_pool  memp.o
    0x0800bb68   0x0800bb68   0x00000010   Code   RO           99    i.driver_com_regist_reccallback  driver_com.o
    0x0800bb78   0x0800bb78   0x00000008   Code   RO          114    i.driver_rtc_handle  driver_rtc.o
    0x0800bb80   0x0800bb80   0x00000008   Code   RO          115    i.driver_rtc_init   driver_rtc.o
    0x0800bb88   0x0800bb88   0x00000068   Code   RO          118    i.driver_rtc_set_time  driver_rtc.o
    0x0800bbf0   0x0800bbf0   0x00000060   Code   RO          120    i.driver_rtc_update_time  driver_rtc.o
    0x0800bc50   0x0800bc50   0x0000006c   Code   RO          145    i.driver_spi_flash_init  driver_spi_flash.o
    0x0800bcbc   0x0800bcbc   0x00000038   Code   RO         1118    i.eth_reset         ethernetif.o
    0x0800bcf4   0x0800bcf4   0x00000038   Code   RO         1641    i.etharp_cleanup_netif  etharp.o
    0x0800bd2c   0x0800bd2c   0x00000300   Code   RO         1643    i.etharp_find_entry  etharp.o
    0x0800c02c   0x0800c02c   0x00000040   Code   RO         1644    i.etharp_free_entry  etharp.o
    0x0800c06c   0x0800c06c   0x0000013c   Code   RO         1646    i.etharp_input      etharp.o
    0x0800c1a8   0x0800c1a8   0x00000224   Code   RO         1647    i.etharp_output     etharp.o
    0x0800c3cc   0x0800c3cc   0x00000168   Code   RO         1648    i.etharp_output_to_arp_index  etharp.o
    0x0800c534   0x0800c534   0x000002a4   Code   RO         1649    i.etharp_query      etharp.o
    0x0800c7d8   0x0800c7d8   0x0000018c   Code   RO         1650    i.etharp_raw        etharp.o
    0x0800c964   0x0800c964   0x00000018   Code   RO         1651    i.etharp_request    etharp.o
    0x0800c97c   0x0800c97c   0x0000002c   Code   RO         1652    i.etharp_request_dst  etharp.o
    0x0800c9a8   0x0800c9a8   0x000000dc   Code   RO         1653    i.etharp_tmr        etharp.o
    0x0800ca84   0x0800ca84   0x0000015c   Code   RO         1654    i.etharp_update_arp_entry  etharp.o
    0x0800cbe0   0x0800cbe0   0x000000c4   Code   RO         1257    i.ethernet_input    ethernet.o
    0x0800cca4   0x0800cca4   0x00000104   Code   RO         1258    i.ethernet_output   ethernet.o
    0x0800cda8   0x0800cda8   0x00000098   Code   RO         1119    i.ethernetif_init   ethernetif.o
    0x0800ce40   0x0800ce40   0x00000002   Code   RO         1121    i.ethernetif_notify_conn_changed  ethernetif.o
    0x0800ce42   0x0800ce42   0x00000002   PAD
    0x0800ce44   0x0800ce44   0x000000d4   Code   RO         1123    i.ethernetif_update_config  ethernetif.o
    0x0800cf18   0x0800cf18   0x00000066   Code   RO           81    i.exf_getfree       module_filesystem.o
    0x0800cf7e   0x0800cf7e   0x000000fc   Code   RO         1053    i.f_getfree         ff.o
    0x0800d07a   0x0800d07a   0x00000002   PAD
    0x0800d07c   0x0800d07c   0x000006dc   Code   RO         1057    i.f_mkfs            ff.o
    0x0800d758   0x0800d758   0x00000060   Code   RO         1058    i.f_mount           ff.o
    0x0800d7b8   0x0800d7b8   0x0000034c   Code   RO         1072    i.find_volume       ff.o
    0x0800db04   0x0800db04   0x00000020   Code   RO          249    i.fputc             usart.o
    0x0800db24   0x0800db24   0x00000050   Code   RO         2129    i.free              mc_w.l(malloc.o)
    0x0800db74   0x0800db74   0x00000132   Code   RO         1074    i.get_fat           ff.o
    0x0800dca6   0x0800dca6   0x00000004   Code   RO         1017    i.get_fattime       fatfs.o
    0x0800dcaa   0x0800dcaa   0x0000004a   Code   RO         1076    i.get_ldnumber      ff.o
    0x0800dcf4   0x0800dcf4   0x00000012   Code   RO         1662    i.icmp_dest_unreach  icmp.o
    0x0800dd06   0x0800dd06   0x00000002   PAD
    0x0800dd08   0x0800dd08   0x00000270   Code   RO         1663    i.icmp_input        icmp.o
    0x0800df78   0x0800df78   0x0000011c   Code   RO         1664    i.icmp_send_response  icmp.o
    0x0800e094   0x0800e094   0x00000012   Code   RO         1665    i.icmp_time_exceeded  icmp.o
    0x0800e0a6   0x0800e0a6   0x0000004e   Code   RO         1685    i.ip4_addr_isbroadcast_u32  ip4_addr.o
    0x0800e0f4   0x0800e0f4   0x000002cc   Code   RO         1696    i.ip4_frag          ip4_frag.o
    0x0800e3c0   0x0800e3c0   0x0000019c   Code   RO         1674    i.ip4_input         ip4.o
    0x0800e55c   0x0800e55c   0x00000034   Code   RO         1675    i.ip4_input_accept  ip4.o
    0x0800e590   0x0800e590   0x00000036   Code   RO         1677    i.ip4_output_if     ip4.o
    0x0800e5c6   0x0800e5c6   0x00000002   PAD
    0x0800e5c8   0x0800e5c8   0x0000019c   Code   RO         1678    i.ip4_output_if_src  ip4.o
    0x0800e764   0x0800e764   0x000002fc   Code   RO         1697    i.ip4_reass         ip4_frag.o
    0x0800ea60   0x0800ea60   0x00000094   Code   RO         1679    i.ip4_route         ip4.o
    0x0800eaf4   0x0800eaf4   0x0000000a   Code   RO         1698    i.ip_frag_alloc_pbuf_custom_ref  ip4_frag.o
    0x0800eafe   0x0800eafe   0x00000002   PAD
    0x0800eb00   0x0800eb00   0x00000098   Code   RO         1699    i.ip_frag_free_pbuf_custom_ref  ip4_frag.o
    0x0800eb98   0x0800eb98   0x00000304   Code   RO         1700    i.ip_reass_chain_frag_into_datagram_and_validate  ip4_frag.o
    0x0800ee9c   0x0800ee9c   0x000000c4   Code   RO         1701    i.ip_reass_dequeue_datagram  ip4_frag.o
    0x0800ef60   0x0800ef60   0x00000054   Code   RO         1702    i.ip_reass_enqueue_new_datagram  ip4_frag.o
    0x0800efb4   0x0800efb4   0x000001e0   Code   RO         1703    i.ip_reass_free_complete_datagram  ip4_frag.o
    0x0800f194   0x0800f194   0x00000088   Code   RO         1704    i.ip_reass_remove_oldest_datagram  ip4_frag.o
    0x0800f21c   0x0800f21c   0x00000034   Code   RO         1705    i.ip_reass_tmr      ip4_frag.o
    0x0800f250   0x0800f250   0x000000c8   Code   RO         1706    i.ipfrag_free_pbuf_custom  ip4_frag.o
    0x0800f318   0x0800f318   0x00000020   Code   RO           63    i.key2_callback     module_pwr.o
    0x0800f338   0x0800f338   0x00000018   Code   RO         1079    i.ld_dword          ff.o
    0x0800f350   0x0800f350   0x0000000c   Code   RO         1080    i.ld_word           ff.o
    0x0800f35c   0x0800f35c   0x000000ec   Code   RO         1124    i.low_level_init    ethernetif.o
    0x0800f448   0x0800f448   0x000000e8   Code   RO         1126    i.low_level_output  ethernetif.o
    0x0800f530   0x0800f530   0x00000050   Code   RO         1596    i.lwip_cyclic_timer  timeouts.o
    0x0800f580   0x0800f580   0x0000001a   Code   RO         1341    i.lwip_htonl        def.o
    0x0800f59a   0x0800f59a   0x0000000c   Code   RO         1342    i.lwip_htons        def.o
    0x0800f5a6   0x0800f5a6   0x00000002   PAD
    0x0800f5a8   0x0800f5a8   0x0000009c   Code   RO         1368    i.lwip_init         init.o
    0x0800f644   0x0800f644   0x00000070   Code   RO          174    i.main              main.o
    0x0800f6b4   0x0800f6b4   0x0000006c   Code   RO         2130    i.malloc            mc_w.l(malloc.o)
    0x0800f720   0x0800f720   0x00000040   Code   RO         1127    i.mco_config        ethernetif.o
    0x0800f760   0x0800f760   0x0000001a   Code   RO         1082    i.mem_cpy           ff.o
    0x0800f77a   0x0800f77a   0x00000002   PAD
    0x0800f77c   0x0800f77c   0x000001c4   Code   RO         1380    i.mem_free          mem.o
    0x0800f940   0x0800f940   0x0000005c   Code   RO         1381    i.mem_init          mem.o
    0x0800f99c   0x0800f99c   0x00000058   Code   RO         1382    i.mem_link_valid    mem.o
    0x0800f9f4   0x0800f9f4   0x000002a8   Code   RO         1383    i.mem_malloc        mem.o
    0x0800fc9c   0x0800fc9c   0x00000012   Code   RO         1083    i.mem_set           ff.o
    0x0800fcae   0x0800fcae   0x00000002   PAD
    0x0800fcb0   0x0800fcb0   0x00000010   Code   RO         1384    i.mem_to_ptr        mem.o
    0x0800fcc0   0x0800fcc0   0x00000234   Code   RO         1385    i.mem_trim          mem.o
    0x0800fef4   0x0800fef4   0x000000b0   Code   RO         1396    i.memp_free         memp.o
    0x0800ffa4   0x0800ffa4   0x00000020   Code   RO         1398    i.memp_init         memp.o
    0x0800ffc4   0x0800ffc4   0x0000002c   Code   RO         1399    i.memp_init_pool    memp.o
    0x0800fff0   0x0800fff0   0x000000b0   Code   RO         1400    i.memp_malloc       memp.o
    0x080100a0   0x080100a0   0x00000002   Code   RO           85    i.module_filesystem_handle  module_filesystem.o
    0x080100a2   0x080100a2   0x00000002   PAD
    0x080100a4   0x080100a4   0x0000013c   Code   RO           86    i.module_filesystem_init  module_filesystem.o
    0x080101e0   0x080101e0   0x0000005c   Code   RO           48    i.module_itemp_handle  module_itemp.o
    0x0801023c   0x0801023c   0x00000010   Code   RO           49    i.module_itemp_init  module_itemp.o
    0x0801024c   0x0801024c   0x00000008   Code   RO           39    i.module_iwdg_handle  module_iwdg.o
    0x08010254   0x08010254   0x00000008   Code   RO           40    i.module_iwdg_init  module_iwdg.o
    0x0801025c   0x0801025c   0x00000002   Code   RO           33    i.module_kprotocol_handle  module_kprotocol.o
    0x0801025e   0x0801025e   0x00000002   Code   RO           34    i.module_kprotocol_init  module_kprotocol.o
    0x08010260   0x08010260   0x00000002   Code   RO           73    i.module_log_handle  module_log.o
    0x08010262   0x08010262   0x00000002   PAD
    0x08010264   0x08010264   0x00000028   Code   RO           74    i.module_log_init   module_log.o
    0x0801028c   0x0801028c   0x00000044   Code   RO           65    i.module_pwr_enter_standby_mode  module_pwr.o
    0x080102d0   0x080102d0   0x00000002   Code   RO           68    i.module_pwr_handle  module_pwr.o
    0x080102d2   0x080102d2   0x00000002   PAD
    0x080102d4   0x080102d4   0x00000010   Code   RO           69    i.module_pwr_init   module_pwr.o
    0x080102e4   0x080102e4   0x00000002   Code   RO           29    i.module_test_handle  module_terst.o
    0x080102e6   0x080102e6   0x00000002   PAD
    0x080102e8   0x080102e8   0x00000048   Code   RO           30    i.module_test_init  module_terst.o
    0x08010330   0x08010330   0x00000008   Code   RO           54    i.module_time_handle  module_time.o
    0x08010338   0x08010338   0x00000024   Code   RO           55    i.module_time_init  module_time.o
    0x0801035c   0x0801035c   0x00000034   Code   RO         1084    i.move_window       ff.o
    0x08010390   0x08010390   0x00000230   Code   RO         1408    i.netif_add         netif.o
    0x080105c0   0x080105c0   0x00000018   Code   RO         1410    i.netif_do_ip_addr_changed  netif.o
    0x080105d8   0x080105d8   0x00000026   Code   RO         1411    i.netif_do_set_gw   netif.o
    0x080105fe   0x080105fe   0x00000002   PAD
    0x08010600   0x08010600   0x000000f0   Code   RO         1412    i.netif_do_set_ipaddr  netif.o
    0x080106f0   0x080106f0   0x00000026   Code   RO         1413    i.netif_do_set_netmask  netif.o
    0x08010716   0x08010716   0x00000002   PAD
    0x08010718   0x08010718   0x00000028   Code   RO         1415    i.netif_get_by_index  netif.o
    0x08010740   0x08010740   0x00000002   Code   RO         1417    i.netif_init        netif.o
    0x08010742   0x08010742   0x00000002   PAD
    0x08010744   0x08010744   0x000000d8   Code   RO         1419    i.netif_issue_reports  netif.o
    0x0801081c   0x0801081c   0x00000008   Code   RO         1421    i.netif_null_output_ip4  netif.o
    0x08010824   0x08010824   0x00000060   Code   RO         1423    i.netif_set_addr    netif.o
    0x08010884   0x08010884   0x0000000c   Code   RO         1424    i.netif_set_default  netif.o
    0x08010890   0x08010890   0x000000d8   Code   RO         1425    i.netif_set_down    netif.o
    0x08010968   0x08010968   0x00000006   Code   RO         1428    i.netif_set_link_callback  netif.o
    0x0801096e   0x0801096e   0x00000002   PAD
    0x08010970   0x08010970   0x000000cc   Code   RO         1433    i.netif_set_up      netif.o
    0x08010a3c   0x08010a3c   0x00000012   Code   RO         1439    i.pbuf_add_header   pbuf.o
    0x08010a4e   0x08010a4e   0x00000002   PAD
    0x08010a50   0x08010a50   0x000000e8   Code   RO         1441    i.pbuf_add_header_impl  pbuf.o
    0x08010b38   0x08010b38   0x000002a0   Code   RO         1442    i.pbuf_alloc        pbuf.o
    0x08010dd8   0x08010dd8   0x000000bc   Code   RO         1443    i.pbuf_alloc_reference  pbuf.o
    0x08010e94   0x08010e94   0x00000052   Code   RO         1444    i.pbuf_alloced_custom  pbuf.o
    0x08010ee6   0x08010ee6   0x00000002   PAD
    0x08010ee8   0x08010ee8   0x00000150   Code   RO         1445    i.pbuf_cat          pbuf.o
    0x08011038   0x08011038   0x00000012   Code   RO         1447    i.pbuf_clen         pbuf.o
    0x0801104a   0x0801104a   0x00000002   PAD
    0x0801104c   0x0801104c   0x000000b0   Code   RO         1448    i.pbuf_clone        pbuf.o
    0x080110fc   0x080110fc   0x00000228   Code   RO         1450    i.pbuf_copy         pbuf.o
    0x08011324   0x08011324   0x00000140   Code   RO         1451    i.pbuf_copy_partial  pbuf.o
    0x08011464   0x08011464   0x0000019c   Code   RO         1453    i.pbuf_free         pbuf.o
    0x08011600   0x08011600   0x00000012   Code   RO         1459    i.pbuf_header_force  pbuf.o
    0x08011612   0x08011612   0x00000022   Code   RO         1460    i.pbuf_header_impl  pbuf.o
    0x08011634   0x08011634   0x0000001e   Code   RO         1461    i.pbuf_init_alloced_pbuf  pbuf.o
    0x08011652   0x08011652   0x00000002   PAD
    0x08011654   0x08011654   0x00000010   Code   RO         1464    i.pbuf_pool_is_empty  pbuf.o
    0x08011664   0x08011664   0x00000168   Code   RO         1466    i.pbuf_realloc      pbuf.o
    0x080117cc   0x080117cc   0x0000009c   Code   RO         1467    i.pbuf_ref          pbuf.o
    0x08011868   0x08011868   0x000000f4   Code   RO         1468    i.pbuf_remove_header  pbuf.o
    0x0801195c   0x0801195c   0x000001d8   Code   RO         1386    i.plug_holes        mem.o
    0x08011b34   0x08011b34   0x00000010   Code   RO         1387    i.ptr_to_mem        mem.o
    0x08011b44   0x08011b44   0x00000008   Code   RO            8    i.service_com_handle  service_com.o
    0x08011b4c   0x08011b4c   0x00000008   Code   RO            9    i.service_com_init  service_com.o
    0x08011b54   0x08011b54   0x00000010   Code   RO            5    i.service_manager_handle  service_manager.o
    0x08011b64   0x08011b64   0x00000010   Code   RO            6    i.service_manager_init  service_manager.o
    0x08011b74   0x08011b74   0x0000001c   Code   RO           19    i.service_monitor_handle  service_monitor.o
    0x08011b90   0x08011b90   0x00000054   Code   RO           20    i.service_monitor_init  service_monitor.o
    0x08011be4   0x08011be4   0x00000008   Code   RO           11    i.service_test_handle  service_terst.o
    0x08011bec   0x08011bec   0x00000008   Code   RO           12    i.service_test_init  service_terst.o
    0x08011bf4   0x08011bf4   0x00000018   Code   RO         1091    i.st_dword          ff.o
    0x08011c0c   0x08011c0c   0x0000000c   Code   RO         1092    i.st_word           ff.o
    0x08011c18   0x08011c18   0x00000052   Code   RO         1094    i.sync_window       ff.o
    0x08011c6a   0x08011c6a   0x00000002   PAD
    0x08011c6c   0x08011c6c   0x00000048   Code   RO          274    i.sys_com_regist_reccallback  stm32f4xx_it.o
    0x08011cb4   0x08011cb4   0x00000008   Code   RO         1129    i.sys_now           ethernetif.o
    0x08011cbc   0x08011cbc   0x000000d0   Code   RO         1599    i.sys_timeout       timeouts.o
    0x08011d8c   0x08011d8c   0x00000140   Code   RO         1600    i.sys_timeout_abs   timeouts.o
    0x08011ecc   0x08011ecc   0x00000028   Code   RO         1601    i.sys_timeouts_init  timeouts.o
    0x08011ef4   0x08011ef4   0x000001d4   Code   RO         1492    i.tcp_abandon       tcp.o
    0x080120c8   0x080120c8   0x0000000e   Code   RO         1493    i.tcp_abort         tcp.o
    0x080120d6   0x080120d6   0x00000002   PAD
    0x080120d8   0x080120d8   0x000000c0   Code   RO         1496    i.tcp_alloc         tcp.o
    0x08012198   0x08012198   0x000000b0   Code   RO         1500    i.tcp_close         tcp.o
    0x08012248   0x08012248   0x0000020c   Code   RO         1501    i.tcp_close_shutdown  tcp.o
    0x08012454   0x08012454   0x000000e8   Code   RO         1502    i.tcp_close_shutdown_fin  tcp.o
    0x0801253c   0x0801253c   0x000001d4   Code   RO         1567    i.tcp_create_segment  tcp_out.o
    0x08012710   0x08012710   0x000000d4   Code   RO         1505    i.tcp_eff_send_mss_netif  tcp.o
    0x080127e4   0x080127e4   0x000002c0   Code   RO         1568    i.tcp_enqueue_flags  tcp_out.o
    0x08012aa4   0x08012aa4   0x0000009c   Code   RO         1507    i.tcp_fasttmr       tcp.o
    0x08012b40   0x08012b40   0x00000094   Code   RO         1508    i.tcp_free          tcp.o
    0x08012bd4   0x08012bd4   0x0000015c   Code   RO         1550    i.tcp_free_acked_segments  tcp_in.o
    0x08012d30   0x08012d30   0x0000009c   Code   RO         1509    i.tcp_free_listen   tcp.o
    0x08012dcc   0x08012dcc   0x00000014   Code   RO         1510    i.tcp_free_ooseq    tcp.o
    0x08012de0   0x08012de0   0x00000048   Code   RO         1551    i.tcp_get_next_optbyte  tcp_in.o
    0x08012e28   0x08012e28   0x00000034   Code   RO         1511    i.tcp_handle_closepend  tcp.o
    0x08012e5c   0x08012e5c   0x00000018   Code   RO         1512    i.tcp_init          tcp.o
    0x08012e74   0x08012e74   0x00000818   Code   RO         1552    i.tcp_input         tcp_in.o
    0x0801368c   0x0801368c   0x000000e8   Code   RO         1553    i.tcp_input_delayed_close  tcp_in.o
    0x08013774   0x08013774   0x000000dc   Code   RO         1569    i.tcp_keepalive     tcp_out.o
    0x08013850   0x08013850   0x00000068   Code   RO         1513    i.tcp_kill_prio     tcp.o
    0x080138b8   0x080138b8   0x000000d0   Code   RO         1514    i.tcp_kill_state    tcp.o
    0x08013988   0x08013988   0x0000003c   Code   RO         1515    i.tcp_kill_timewait  tcp.o
    0x080139c4   0x080139c4   0x000000d4   Code   RO         1516    i.tcp_listen_closed  tcp.o
    0x08013a98   0x08013a98   0x000001f4   Code   RO         1554    i.tcp_listen_input  tcp_in.o
    0x08013c8c   0x08013c8c   0x0000004c   Code   RO         1519    i.tcp_netif_ip_addr_changed  tcp.o
    0x08013cd8   0x08013cd8   0x000000d0   Code   RO         1520    i.tcp_netif_ip_addr_changed_pcblist  tcp.o
    0x08013da8   0x08013da8   0x000000b0   Code   RO         1524    i.tcp_next_iss      tcp.o
    0x08013e58   0x08013e58   0x0000012c   Code   RO         1555    i.tcp_oos_insert_segment  tcp_in.o
    0x08013f84   0x08013f84   0x00000364   Code   RO         1570    i.tcp_output        tcp_out.o
    0x080142e8   0x080142e8   0x000000dc   Code   RO         1571    i.tcp_output_alloc_header  tcp_out.o
    0x080143c4   0x080143c4   0x00000124   Code   RO         1572    i.tcp_output_alloc_header_common  tcp_out.o
    0x080144e8   0x080144e8   0x000000fc   Code   RO         1573    i.tcp_output_control_segment  tcp_out.o
    0x080145e4   0x080145e4   0x00000124   Code   RO         1574    i.tcp_output_fill_options  tcp_out.o
    0x08014708   0x08014708   0x0000024c   Code   RO         1575    i.tcp_output_segment  tcp_out.o
    0x08014954   0x08014954   0x000000b4   Code   RO         1576    i.tcp_output_segment_busy  tcp_out.o
    0x08014a08   0x08014a08   0x00000130   Code   RO         1556    i.tcp_parseopt      tcp_in.o
    0x08014b38   0x08014b38   0x000000dc   Code   RO         1525    i.tcp_pcb_purge     tcp.o
    0x08014c14   0x08014c14   0x000001d8   Code   RO         1526    i.tcp_pcb_remove    tcp.o
    0x08014dec   0x08014dec   0x00000744   Code   RO         1557    i.tcp_process       tcp_in.o
    0x08015530   0x08015530   0x00000134   Code   RO         1528    i.tcp_process_refused_data  tcp.o
    0x08015664   0x08015664   0x00000c7c   Code   RO         1558    i.tcp_receive       tcp_in.o
    0x080162e0   0x080162e0   0x000000c4   Code   RO         1530    i.tcp_recv_null     tcp.o
    0x080163a4   0x080163a4   0x0000011c   Code   RO         1531    i.tcp_recved        tcp.o
    0x080164c0   0x080164c0   0x000000b4   Code   RO         1532    i.tcp_remove_listener  tcp.o
    0x08016574   0x08016574   0x00000104   Code   RO         1578    i.tcp_rexmit        tcp_out.o
    0x08016678   0x08016678   0x0000010c   Code   RO         1579    i.tcp_rexmit_fast   tcp_out.o
    0x08016784   0x08016784   0x000000a8   Code   RO         1580    i.tcp_rexmit_rto    tcp_out.o
    0x0801682c   0x0801682c   0x000000b8   Code   RO         1581    i.tcp_rexmit_rto_commit  tcp_out.o
    0x080168e4   0x080168e4   0x00000118   Code   RO         1582    i.tcp_rexmit_rto_prepare  tcp_out.o
    0x080169fc   0x080169fc   0x0000001e   Code   RO         1583    i.tcp_route         tcp_out.o
    0x08016a1a   0x08016a1a   0x00000002   PAD
    0x08016a1c   0x08016a1c   0x00000128   Code   RO         1584    i.tcp_rst           tcp_out.o
    0x08016b44   0x08016b44   0x000000b4   Code   RO         1533    i.tcp_seg_copy      tcp.o
    0x08016bf8   0x08016bf8   0x0000001a   Code   RO         1534    i.tcp_seg_free      tcp.o
    0x08016c12   0x08016c12   0x00000018   Code   RO         1535    i.tcp_segs_free     tcp.o
    0x08016c2a   0x08016c2a   0x00000002   PAD
    0x08016c2c   0x08016c2c   0x00000140   Code   RO         1585    i.tcp_send_empty_ack  tcp_out.o
    0x08016d6c   0x08016d6c   0x000000e0   Code   RO         1586    i.tcp_send_fin      tcp_out.o
    0x08016e4c   0x08016e4c   0x00000734   Code   RO         1539    i.tcp_slowtmr       tcp.o
    0x08017580   0x08017580   0x000002d0   Code   RO         1587    i.tcp_split_unsent_seg  tcp_out.o
    0x08017850   0x08017850   0x00000038   Code   RO         1604    i.tcp_timer_needed  timeouts.o
    0x08017888   0x08017888   0x00000144   Code   RO         1559    i.tcp_timewait_input  tcp_in.o
    0x080179cc   0x080179cc   0x00000024   Code   RO         1541    i.tcp_tmr           tcp.o
    0x080179f0   0x080179f0   0x00000014   Code   RO         1560    i.tcp_trigger_input_pcb_close  tcp_in.o
    0x08017a04   0x08017a04   0x00000118   Code   RO         1543    i.tcp_update_rcv_ann_wnd  tcp.o
    0x08017b1c   0x08017b1c   0x00000170   Code   RO         1590    i.tcp_zero_window_probe  tcp_out.o
    0x08017c8c   0x08017c8c   0x00000038   Code   RO         1605    i.tcpip_tcp_timer   timeouts.o
    0x08017cc4   0x08017cc4   0x00000018   Code   RO         1615    i.udp_init          udp.o
    0x08017cdc   0x08017cdc   0x0000024c   Code   RO         1616    i.udp_input         udp.o
    0x08017f28   0x08017f28   0x00000138   Code   RO         1617    i.udp_input_local_match  udp.o
    0x08018060   0x08018060   0x00000030   Code   RO         1618    i.udp_netif_ip_addr_changed  udp.o
    0x08018090   0x08018090   0x00000008   Data   RO          422    .constdata          stm32f4xx_hal_dma.o
    0x08018098   0x08018098   0x00000018   Data   RO          968    .constdata          system_stm32f4xx.o
    0x080180b0   0x080180b0   0x0000001c   Data   RO          999    .constdata          sd_diskio.o
    0x080180cc   0x080180cc   0x00000024   Data   RO         1097    .constdata          ff.o
    0x080180f0   0x080180f0   0x00000014   Data   RO         1259    .constdata          ethernet.o
    0x08018104   0x08018104   0x00000098   Data   RO         1403    .constdata          memp.o
    0x0801819c   0x0801819c   0x00000058   Data   RO         1544    .constdata          tcp.o
    0x080181f4   0x080181f4   0x00000024   Data   RO         1606    .constdata          timeouts.o
    0x08018218   0x08018218   0x00000010   Data   RO         1692    .constdata          ip4_addr.o
    0x08018228   0x08018228   0x00000050   Data   RO         1819    .constdata          usbd_storage_if.o
    0x08018278   0x08018278   0x00000041   Data   RO         1370    .conststring        init.o
    0x080182b9   0x080182b9   0x00000003   PAD
    0x080182bc   0x080182bc   0x00000075   Data   RO         1545    .conststring        tcp.o
    0x08018331   0x08018331   0x00000003   PAD
    0x08018334   0x08018334   0x00000055   Data   RO         1592    .conststring        tcp_out.o
    0x08018389   0x08018389   0x00000003   PAD
    0x0801838c   0x0801838c   0x00000041   Data   RO         1657    .conststring        etharp.o
    0x080183cd   0x080183cd   0x00000003   PAD
    0x080183d0   0x080183d0   0x00000040   Data   RO         2183    Region$$Table       anon$$obj.o


    Execution Region RW_IRAM2 (Exec base: 0x10000000, Load base: 0x08018498, Size: 0x00000b24, Max: 0x00010000, ABSOLUTE)

    Exec Addr    Load Addr    Size         Type   Attr      Idx    E Section Name        Object

    0x10000000   0x08018498   0x00000008   Data   RW           51    .data               module_itemp.o
    0x10000008   0x080184a0   0x0000000f   Data   RW          148    .data               driver_spi_flash.o
    0x10000017   0x080184af   0x00000001   PAD
    0x10000018   0x080184b0   0x00000009   Data   RW          505    .data               stm32f4xx_hal.o
    0x10000021   0x080184b9   0x00000003   PAD
    0x10000024   0x080184bc   0x00000004   Data   RW          969    .data               system_stm32f4xx.o
    0x10000028   0x080184c0   0x00000001   Data   RW         1000    .data               sd_diskio.o
    0x10000029   0x080184c1   0x0000000a   Data   RW         1020    .data               fatfs.o
    0x10000033   0x080184cb   0x00000001   PAD
    0x10000034   0x080184cc   0x00000018   Data   RW         1144    .data               lwip.o
    0x1000004c   0x080184e4   0x0000000c   Data   RW         1390    .data               mem.o
    0x10000058   0x080184f0   0x00000024   Data   RW         1404    .data               memp.o
    0x1000007c   0x08018514   0x00000008   Data   RW         1629    .data               udp.o
    0x10000084   0x0801851c   0x00000001   Data   RW         1658    .data               etharp.o
    0x10000085   0x0801851d   0x00000003   PAD
    0x10000088   0x08018520   0x0000004e   Data   RW         1808    .data               usbd_desc.o
    0x100000d6   0x0801856e   0x00000002   PAD
    0x100000d8   0x08018570   0x00000020   Data   RW         1820    .data               usbd_storage_if.o
    0x100000f8   0x08018590   0x00000004   Data   RW         2162    .data               mc_w.l(stdout.o)
    0x100000fc   0x08018594   0x00000004   Data   RW         2168    .data               mc_w.l(mvars.o)
    0x10000100        -       0x00000014   Zero   RW          121    .bss                driver_rtc.o
    0x10000114        -       0x0000000c   Zero   RW          204    .bss                iwdg.o
    0x10000120        -       0x00000058   Zero   RW          235    .bss                spi.o
    0x10000178        -       0x00000020   Zero   RW         1096    .bss                ff.o
    0x10000198        -       0x00000010   Zero   RW         1107    .bss                ff_gen_drv.o
    0x100001a8        -       0x00000038   Zero   RW         1142    .bss                lwip.o
    0x100001e0        -       0x00000653   Zero   RW         1388    .bss                mem.o
    0x10000833   0x08018598   0x00000001   PAD
    0x10000834        -       0x000000f0   Zero   RW         1655    .bss                etharp.o
    0x10000924        -       0x00000200   Zero   RW         1806    .bss                usbd_desc.o


    Execution Region RW_IRAM1 (Exec base: 0x20000000, Load base: 0x08018410, Size: 0x00010b28, Max: 0x00020000, ABSOLUTE, COMPRESSED[0x00000088])

    Exec Addr    Load Addr    Size         Type   Attr      Idx    E Section Name        Object

    0x20000000   COMPRESSED   0x0000000c   Data   RW          123    .data               driver_rtc.o
    0x2000000c   COMPRESSED   0x00000004   Data   RW          184    .data               gpio.o
    0x20000010   COMPRESSED   0x0000000c   Data   RW          220    .data               rtc.o
    0x2000001c   COMPRESSED   0x00000010   Data   RW          276    .data               stm32f4xx_it.o
    0x2000002c   COMPRESSED   0x00000018   Data   RW         1010    .data               user_diskio.o
    0x20000044   COMPRESSED   0x0000000a   Data   RW         1098    .data               ff.o
    0x2000004e   COMPRESSED   0x00000002   PAD
    0x20000050   COMPRESSED   0x00000009   Data   RW         1435    .data               netif.o
    0x20000059   COMPRESSED   0x00000001   Data   RW         1476    .data               pbuf.o
    0x2000005a   COMPRESSED   0x00000002   PAD
    0x2000005c   COMPRESSED   0x00000020   Data   RW         1546    .data               tcp.o
    0x2000007c   COMPRESSED   0x00000028   Data   RW         1563    .data               tcp_in.o
    0x200000a4   COMPRESSED   0x0000000c   Data   RW         1607    .data               timeouts.o
    0x200000b0   COMPRESSED   0x00000002   Data   RW         1681    .data               ip4.o
    0x200000b2   COMPRESSED   0x00000002   PAD
    0x200000b4   COMPRESSED   0x00000006   Data   RW         1708    .data               ip4_frag.o
    0x200000ba   COMPRESSED   0x00000001   Data   RW         1898    .data               usbd_ctlreq.o
    0x200000bb   COMPRESSED   0x00000001   PAD
    0x200000bc   COMPRESSED   0x000000a2   Data   RW         1924    .data               usbd_msc.o
    0x2000015e   COMPRESSED   0x00000040   Data   RW         1943    .data               usbd_msc_data.o
    0x2000019e   COMPRESSED   0x00000002   PAD
    0x200001a0   COMPRESSED   0x00000004   Data   RW         1989    .data               mc_w.l(rand.o)
    0x200001a4   COMPRESSED   0x00000004   Data   RW         2167    .data               mc_w.l(mvars.o)
    0x200001a8        -       0x00001000   Zero   RW          146    .bss                driver_spi_flash.o
    0x200011a8        -       0x000000a8   Zero   RW          192    .bss                adc.o
    0x20001250        -       0x00000020   Zero   RW          218    .bss                rtc.o
    0x20001270        -       0x00000144   Zero   RW          227    .bss                sdio.o
    0x200013b4        -       0x000050c8   Zero   RW         1018    .bss                fatfs.o
    0x2000647c        -       0x000030e8   Zero   RW         1130    .bss                ethernetif.o
    0x20009564        -       0x00000018   Zero   RW         1374    .bss                ip.o
    0x2000957c        -       0x00002ebf   Zero   RW         1402    .bss                memp.o
    0x2000c43b   COMPRESSED   0x00000001   PAD
    0x2000c43c        -       0x00000010   Zero   RW         1561    .bss                tcp_in.o
    0x2000c44c        -       0x000002d0   Zero   RW         1792    .bss                usb_device.o
    0x2000c71c        -       0x00000408   Zero   RW         1853    .bss                usbd_conf.o
    0x2000cb24   COMPRESSED   0x00000004   PAD
    0x2000cb28        -       0x00002000   Zero   RW          166    HEAP                startup_stm32f407xx.o
    0x2000eb28        -       0x00002000   Zero   RW          165    STACK               startup_stm32f407xx.o


==============================================================================

Image component sizes


      Code (inc. data)   RO Data    RW Data    ZI Data      Debug   Object Name

       260         34          0          0        168          0   adc.o
        16          0          0          0          0          0   app_manager.o
        12          0          0          0          0          0   board.o
       236         26          0          0          0          0   bsp_driver_sd.o
        38          0          0          0          0          0   def.o
       208         24          0          0          0          0   diskio.o
        88          4          0          0          0          0   dma.o
        16          0          0          0          0          0   driver_com.o
       216         24          0         12         20          0   driver_rtc.o
      1094        164          0         15       4096          0   driver_spi_flash.o
      3820       1206         65          1        240          0   etharp.o
       456        154         20          0          0          0   ethernet.o
      1290        164          0          0      12520          0   ethernetif.o
       844        506          0         10      20680          0   fatfs.o
      3742        114         36         10         32          0   ff.o
       102          6          0          0         16          0   ff_gen_drv.o
       392         32          0          4          0          0   gpio.o
       944        352          0          0          0          0   icmp.o
       156         92         65          0          0          0   init.o
         0          0          0          0         24          0   ip.o
      1078        184          0          2          0          0   ip4.o
        78          0         16          0          0          0   ip4_addr.o
      3562       1192          0          6          0          0   ip4_frag.o
        56         14          0          0         12          0   iwdg.o
       576         40          0         24         56          0   lwip.o
       330         14          0          0          0          0   main.o
      2380        968          0         12       1619          0   mem.o
       780        500        152         36      11967          0   memp.o
       420        182          0          0          0          0   module_filesystem.o
       108         32          0          8          0          0   module_itemp.o
        16          0          0          0          0          0   module_iwdg.o
         4          0          0          0          0          0   module_kprotocol.o
        42         30          0          0          0          0   module_log.o
       118         44          0          0          0          0   module_pwr.o
        76         50          0          0          0          0   module_terst.o
        44          0          0          0          0          0   module_time.o
      1700        738          0          9          0          0   netif.o
      3864       1790          0          1          0          0   pbuf.o
       372         30          0         12         32          0   rtc.o
       288         16         28          1          0          0   sd_diskio.o
       432         38          0          0        324          0   sdio.o
        16          0          0          0          0          0   service_com.o
        32          0          0          0          0          0   service_manager.o
       112         28          0          0          0          0   service_monitor.o
        16          0          0          0          0          0   service_terst.o
       264         24          0          0         88          0   spi.o
        36          8        392          0      16384          0   startup_stm32f407xx.o
       212         36          0          9          0          0   stm32f4xx_hal.o
      1412         64          0          0          0          0   stm32f4xx_hal_adc.o
       304         22          0          0          0          0   stm32f4xx_hal_cortex.o
      1264         16          8          0          0          0   stm32f4xx_hal_dma.o
      3012         58          0          0          0          0   stm32f4xx_hal_eth.o
       552         50          0          0          0          0   stm32f4xx_hal_gpio.o
        94          0          0          0          0          0   stm32f4xx_hal_iwdg.o
        72          4          0          0          0          0   stm32f4xx_hal_msp.o
      3296         14          0          0          0          0   stm32f4xx_hal_pcd.o
        90          0          0          0          0          0   stm32f4xx_hal_pcd_ex.o
        72         16          0          0          0          0   stm32f4xx_hal_pwr.o
      1928         78          0          0          0          0   stm32f4xx_hal_rcc.o
       416         20          0          0          0          0   stm32f4xx_hal_rcc_ex.o
      1744         36          0          0          0          0   stm32f4xx_hal_rtc.o
       380         14          0          0          0          0   stm32f4xx_hal_rtc_ex.o
      4060         40          0          0          0          0   stm32f4xx_hal_sd.o
       140          0          0          0          0          0   stm32f4xx_hal_spi.o
       310         78          0         16          0          0   stm32f4xx_it.o
       312          0          0          0          0          0   stm32f4xx_ll_gpio.o
       336         60          0          0          0          0   stm32f4xx_ll_rcc.o
      2110         46          0          0          0          0   stm32f4xx_ll_sdmmc.o
       646         26          0          0          0          0   stm32f4xx_ll_usart.o
      3790        102          0          0          0          0   stm32f4xx_ll_usb.o
        28          4         24          4          0          0   system_stm32f4xx.o
      7468       3234        205         32          0          0   tcp.o
      9228       2264          0         40         16          0   tcp_in.o
      7202       3062         85          0          0          0   tcp_out.o
       760        364         36         12          0          0   timeouts.o
       972        354          0          8          0          0   udp.o
       618         50          0          0          0          0   usart.o
        76         16          0          0        720          0   usb_device.o
      1028         18          0          0       1032          0   usbd_conf.o
       902          0          0          0          0          0   usbd_core.o
      2160         28          0          1          0          0   usbd_ctlreq.o
       382        118          0         78        512          0   usbd_desc.o
       134          0          0          0          0          0   usbd_ioreq.o
       620         24          0        162          0          0   usbd_msc.o
       820         10          0          0          0          0   usbd_msc_bot.o
         0          0          0         64          0          0   usbd_msc_data.o
      3490         16          0          0          0          0   usbd_msc_scsi.o
       202         16         80         32          0          0   usbd_storage_if.o
       300         84          0         24          0          0   user_diskio.o

    ----------------------------------------------------------------------
     93772      19266       1288        664      70564          0   Object Totals
         0          0         64          0          0          0   (incl. Generated)
       100          0         12         19          6          0   (incl. Padding)

    ----------------------------------------------------------------------

      Code (inc. data)   RO Data    RW Data    ZI Data      Debug   Library Member Name

        86          0          0          0          0          0   __dczerorl2.o
         0          0          0          0          0          0   entry.o
         0          0          0          0          0          0   entry10a.o
         0          0          0          0          0          0   entry11a.o
         8          4          0          0          0          0   entry2.o
         4          0          0          0          0          0   entry5.o
         0          0          0          0          0          0   entry7b.o
         0          0          0          0          0          0   entry8b.o
         8          4          0          0          0          0   entry9a.o
        30          0          0          0          0          0   handlers.o
        36          8          0          0          0          0   init.o
         0          0          0          0          0          0   iusefp.o
        30          0          0          0          0          0   llshl.o
        36          0          0          0          0          0   llsshr.o
        32          0          0          0          0          0   llushr.o
       188         20          0          0          0          0   malloc.o
        26          0          0          0          0          0   memcmp.o
        64          0          0          0          0          0   memmovea.o
        36          0          0          0          0          0   memseta.o
         0          0          0          8          0          0   mvars.o
      2258         90          0          0          0          0   printfa.o
        36         10          0          4          0          0   rand.o
         0          0          0          4          0          0   stdout.o
        44          0          0          0          0          0   uidiv.o
        98          0          0          0          0          0   uldiv.o
        48          0          0          0          0          0   cdrcmple.o
        56          0          0          0          0          0   d2f.o
       334          0          0          0          0          0   dadd.o
       222          0          0          0          0          0   ddiv.o
       186          0          0          0          0          0   depilogue.o
        48          0          0          0          0          0   dfixul.o
        26          0          0          0          0          0   dfltui.o
       228          0          0          0          0          0   dmul.o
       110          0          0          0          0          0   fepilogue.o

    ----------------------------------------------------------------------
      4284        136          0         16          0          0   Library Totals
         6          0          0          0          0          0   (incl. Padding)

    ----------------------------------------------------------------------

      Code (inc. data)   RO Data    RW Data    ZI Data      Debug   Library Name

      3020        136          0         16          0          0   mc_w.l
      1258          0          0          0          0          0   mf_w.l

    ----------------------------------------------------------------------
      4284        136          0         16          0          0   Library Totals

    ----------------------------------------------------------------------

==============================================================================


      Code (inc. data)   RO Data    RW Data    ZI Data      Debug   

     98056      19402       1288        680      70564          0   Grand Totals
     98056      19402       1288        392      70564          0   ELF Image Totals (compressed)
     98056      19402       1288        392          0          0   ROM Totals

==============================================================================

    Total RO  Size (Code + RO Data)                99344 (  97.02kB)
    Total RW  Size (RW Data + ZI Data)             71244 (  69.57kB)
    Total ROM Size (Code + RO Data + RW Data)      99736 (  97.40kB)

==============================================================================

